stm32f4xx_it.c:76:6:NMI_Handler	4	static
stm32f4xx_it.c:89:6:HardFault_Handler	4	static
stm32f4xx_it.c:104:6:MemManage_Handler	4	static
stm32f4xx_it.c:119:6:BusFault_Handler	4	static
stm32f4xx_it.c:134:6:UsageFault_Handler	4	static
stm32f4xx_it.c:149:6:DebugMon_Handler	4	static
stm32f4xx_it.c:169:6:DMA1_Stream3_IRQHandler	8	static
stm32f4xx_it.c:183:6:CAN1_TX_IRQHandler	8	static
stm32f4xx_it.c:197:6:CAN1_RX0_IRQHandler	8	static
stm32f4xx_it.c:211:6:CAN1_RX1_IRQHandler	8	static
stm32f4xx_it.c:225:6:CAN1_SCE_IRQHandler	8	static
stm32f4xx_it.c:239:6:USART3_IRQHandler	8	static
stm32f4xx_it.c:253:6:TIM8_BRK_TIM12_IRQHandler	8	static
