stm32f4xx_it.c:77:6:NMI_Handler	4	static
stm32f4xx_it.c:90:6:HardFault_Handler	4	static
stm32f4xx_it.c:105:6:MemManage_Handler	4	static
stm32f4xx_it.c:120:6:BusFault_Handler	4	static
stm32f4xx_it.c:135:6:UsageFault_Handler	4	static
stm32f4xx_it.c:150:6:DebugMon_Handler	4	static
stm32f4xx_it.c:170:6:DMA1_Stream1_IRQHandler	8	static
stm32f4xx_it.c:184:6:DMA1_Stream3_IRQHandler	8	static
stm32f4xx_it.c:198:6:CAN1_TX_IRQHandler	8	static
stm32f4xx_it.c:212:6:CAN1_RX0_IRQHandler	8	static
stm32f4xx_it.c:226:6:CAN1_RX1_IRQHandler	8	static
stm32f4xx_it.c:240:6:CAN1_SCE_IRQHandler	8	static
stm32f4xx_it.c:254:6:USART3_IRQHandler	8	static
stm32f4xx_it.c:268:6:TIM8_BRK_TIM12_IRQHandler	8	static
