Archive member included to satisfy reference by file (symbol)

/home/hongtao/STM32_Tools/ARM_GCC/gcc-arm-none-eabi-7-2018-q2-update/bin/../lib/gcc/arm-none-eabi/7.3.1/../../../../arm-none-eabi/lib/thumb/v7e-m/fpv4-sp/hard/libc_nano.a(lib_a-exit.o)
                              /home/hongtao/STM32_Tools/ARM_GCC/gcc-arm-none-eabi-7-2018-q2-update/bin/../lib/gcc/arm-none-eabi/7.3.1/../../../../arm-none-eabi/lib/thumb/v7e-m/fpv4-sp/hard/crt0.o (exit)
/home/hongtao/STM32_Tools/ARM_GCC/gcc-arm-none-eabi-7-2018-q2-update/bin/../lib/gcc/arm-none-eabi/7.3.1/../../../../arm-none-eabi/lib/thumb/v7e-m/fpv4-sp/hard/libc_nano.a(lib_a-impure.o)
                              /home/hongtao/STM32_Tools/ARM_GCC/gcc-arm-none-eabi-7-2018-q2-update/bin/../lib/gcc/arm-none-eabi/7.3.1/../../../../arm-none-eabi/lib/thumb/v7e-m/fpv4-sp/hard/libc_nano.a(lib_a-exit.o) (_global_impure_ptr)
/home/hongtao/STM32_Tools/ARM_GCC/gcc-arm-none-eabi-7-2018-q2-update/bin/../lib/gcc/arm-none-eabi/7.3.1/../../../../arm-none-eabi/lib/thumb/v7e-m/fpv4-sp/hard/libc_nano.a(lib_a-init.o)
                              /home/hongtao/STM32_Tools/ARM_GCC/gcc-arm-none-eabi-7-2018-q2-update/bin/../lib/gcc/arm-none-eabi/7.3.1/../../../../arm-none-eabi/lib/thumb/v7e-m/fpv4-sp/hard/crt0.o (__libc_init_array)
/home/hongtao/STM32_Tools/ARM_GCC/gcc-arm-none-eabi-7-2018-q2-update/bin/../lib/gcc/arm-none-eabi/7.3.1/../../../../arm-none-eabi/lib/thumb/v7e-m/fpv4-sp/hard/libc_nano.a(lib_a-memcpy-stub.o)
                              build/queue.o (memcpy)
/home/hongtao/STM32_Tools/ARM_GCC/gcc-arm-none-eabi-7-2018-q2-update/bin/../lib/gcc/arm-none-eabi/7.3.1/../../../../arm-none-eabi/lib/thumb/v7e-m/fpv4-sp/hard/libc_nano.a(lib_a-memset.o)
                              /home/hongtao/STM32_Tools/ARM_GCC/gcc-arm-none-eabi-7-2018-q2-update/bin/../lib/gcc/arm-none-eabi/7.3.1/../../../../arm-none-eabi/lib/thumb/v7e-m/fpv4-sp/hard/crt0.o (memset)
/home/hongtao/STM32_Tools/ARM_GCC/gcc-arm-none-eabi-7-2018-q2-update/bin/../lib/gcc/arm-none-eabi/7.3.1/../../../../arm-none-eabi/lib/thumb/v7e-m/fpv4-sp/hard/libnosys.a(_exit.o)
                              /home/hongtao/STM32_Tools/ARM_GCC/gcc-arm-none-eabi-7-2018-q2-update/bin/../lib/gcc/arm-none-eabi/7.3.1/../../../../arm-none-eabi/lib/thumb/v7e-m/fpv4-sp/hard/libc_nano.a(lib_a-exit.o) (_exit)
/home/hongtao/STM32_Tools/ARM_GCC/gcc-arm-none-eabi-7-2018-q2-update/bin/../lib/gcc/arm-none-eabi/7.3.1/thumb/v7e-m/fpv4-sp/hard/libgcc.a(_aeabi_uldivmod.o)
                              build/stm32f4xx_hal_rcc.o (__aeabi_uldivmod)
/home/hongtao/STM32_Tools/ARM_GCC/gcc-arm-none-eabi-7-2018-q2-update/bin/../lib/gcc/arm-none-eabi/7.3.1/thumb/v7e-m/fpv4-sp/hard/libgcc.a(_udivmoddi4.o)
                              /home/hongtao/STM32_Tools/ARM_GCC/gcc-arm-none-eabi-7-2018-q2-update/bin/../lib/gcc/arm-none-eabi/7.3.1/thumb/v7e-m/fpv4-sp/hard/libgcc.a(_aeabi_uldivmod.o) (__udivmoddi4)
/home/hongtao/STM32_Tools/ARM_GCC/gcc-arm-none-eabi-7-2018-q2-update/bin/../lib/gcc/arm-none-eabi/7.3.1/thumb/v7e-m/fpv4-sp/hard/libgcc.a(_dvmd_tls.o)
                              /home/hongtao/STM32_Tools/ARM_GCC/gcc-arm-none-eabi-7-2018-q2-update/bin/../lib/gcc/arm-none-eabi/7.3.1/thumb/v7e-m/fpv4-sp/hard/libgcc.a(_aeabi_uldivmod.o) (__aeabi_ldiv0)

Allocating common symbols
Common symbol       size              file

defaultTaskHandle   0x4               build/main.o
huart3              0x40              build/main.o
hpcd_USB_OTG_FS     0x408             build/main.o
uwTick              0x4               build/stm32f4xx_hal.o
xQueueRegistry      0x40              build/queue.o
pFlash              0x20              build/stm32f4xx_hal_flash.o
myTask02Handle      0x4               build/main.o
htim12              0x40              build/stm32f4xx_hal_timebase_tim.o

Discarded input sections

 .text          0x0000000000000000        0x0 /home/hongtao/STM32_Tools/ARM_GCC/gcc-arm-none-eabi-7-2018-q2-update/bin/../lib/gcc/arm-none-eabi/7.3.1/thumb/v7e-m/fpv4-sp/hard/crti.o
 .data          0x0000000000000000        0x0 /home/hongtao/STM32_Tools/ARM_GCC/gcc-arm-none-eabi-7-2018-q2-update/bin/../lib/gcc/arm-none-eabi/7.3.1/thumb/v7e-m/fpv4-sp/hard/crti.o
 .bss           0x0000000000000000        0x0 /home/hongtao/STM32_Tools/ARM_GCC/gcc-arm-none-eabi-7-2018-q2-update/bin/../lib/gcc/arm-none-eabi/7.3.1/thumb/v7e-m/fpv4-sp/hard/crti.o
 .data          0x0000000000000000        0x4 /home/hongtao/STM32_Tools/ARM_GCC/gcc-arm-none-eabi-7-2018-q2-update/bin/../lib/gcc/arm-none-eabi/7.3.1/thumb/v7e-m/fpv4-sp/hard/crtbegin.o
 .text          0x0000000000000000       0x74 /home/hongtao/STM32_Tools/ARM_GCC/gcc-arm-none-eabi-7-2018-q2-update/bin/../lib/gcc/arm-none-eabi/7.3.1/../../../../arm-none-eabi/lib/thumb/v7e-m/fpv4-sp/hard/crt0.o
 .data          0x0000000000000000        0x0 /home/hongtao/STM32_Tools/ARM_GCC/gcc-arm-none-eabi-7-2018-q2-update/bin/../lib/gcc/arm-none-eabi/7.3.1/../../../../arm-none-eabi/lib/thumb/v7e-m/fpv4-sp/hard/crt0.o
[...]
Memory Configuration

Name             Origin             Length             Attributes
RAM              0x0000000020000000 0x0000000000020000 xrw
FLASH            0x0000000008000000 0x0000000000080000 xr
*default*        0x0000000000000000 0xffffffffffffffff

Linker script and memory map

LOAD /home/hongtao/STM32_Tools/ARM_GCC/gcc-arm-none-eabi-7-2018-q2-update/bin/../lib/gcc/arm-none-eabi/7.3.1/thumb/v7e-m/fpv4-sp/hard/crti.o
LOAD /home/hongtao/STM32_Tools/ARM_GCC/gcc-arm-none-eabi-7-2018-q2-update/bin/../lib/gcc/arm-none-eabi/7.3.1/thumb/v7e-m/fpv4-sp/hard/crtbegin.o
LOAD /home/hongtao/STM32_Tools/ARM_GCC/gcc-arm-none-eabi-7-2018-q2-update/bin/../lib/gcc/arm-none-eabi/7.3.1/../../../../arm-none-eabi/lib/thumb/v7e-m/fpv4-sp/hard/crt0.o
LOAD build/main.o
LOAD build/freertos.o
LOAD build/stm32f4xx_it.o
LOAD build/stm32f4xx_hal_msp.o
LOAD build/stm32f4xx_hal_timebase_tim.o
LOAD build/stm32f4xx_hal_tim.o
LOAD build/stm32f4xx_hal_tim_ex.o
LOAD build/stm32f4xx_hal_uart.o
LOAD build/stm32f4xx_hal_pcd.o
LOAD build/stm32f4xx_hal_pcd_ex.o
LOAD build/stm32f4xx_ll_usb.o
LOAD build/stm32f4xx_hal_rcc.o
LOAD build/stm32f4xx_hal_rcc_ex.o
LOAD build/stm32f4xx_hal_flash.o
LOAD build/stm32f4xx_hal_flash_ex.o
LOAD build/stm32f4xx_hal_flash_ramfunc.o
LOAD build/stm32f4xx_hal_gpio.o
LOAD build/stm32f4xx_hal_dma_ex.o
LOAD build/stm32f4xx_hal_dma.o
LOAD build/stm32f4xx_hal_pwr.o
LOAD build/stm32f4xx_hal_pwr_ex.o
LOAD build/stm32f4xx_hal_cortex.o
LOAD build/stm32f4xx_hal.o
LOAD build/stm32f4xx_hal_exti.o
LOAD build/system_stm32f4xx.o
LOAD build/croutine.o
LOAD build/event_groups.o
LOAD build/list.o
LOAD build/queue.o
LOAD build/stream_buffer.o
LOAD build/tasks.o
LOAD build/timers.o
LOAD build/cmsis_os2.o
LOAD build/heap_4.o
LOAD build/port.o
LOAD build/startup_stm32f446xx.o
LOAD /home/hongtao/STM32_Tools/ARM_GCC/gcc-arm-none-eabi-7-2018-q2-update/bin/../lib/gcc/arm-none-eabi/7.3.1/../../../../arm-none-eabi/lib/thumb/v7e-m/fpv4-sp/hard/libc_nano.a
LOAD /home/hongtao/STM32_Tools/ARM_GCC/gcc-arm-none-eabi-7-2018-q2-update/bin/../lib/gcc/arm-none-eabi/7.3.1/../../../../arm-none-eabi/lib/thumb/v7e-m/fpv4-sp/hard/libm.a
LOAD /home/hongtao/STM32_Tools/ARM_GCC/gcc-arm-none-eabi-7-2018-q2-update/bin/../lib/gcc/arm-none-eabi/7.3.1/../../../../arm-none-eabi/lib/thumb/v7e-m/fpv4-sp/hard/libnosys.a
START GROUP
LOAD /home/hongtao/STM32_Tools/ARM_GCC/gcc-arm-none-eabi-7-2018-q2-update/bin/../lib/gcc/arm-none-eabi/7.3.1/thumb/v7e-m/fpv4-sp/hard/libgcc.a
LOAD /home/hongtao/STM32_Tools/ARM_GCC/gcc-arm-none-eabi-7-2018-q2-update/bin/../lib/gcc/arm-none-eabi/7.3.1/../../../../arm-none-eabi/lib/thumb/v7e-m/fpv4-sp/hard/libc_nano.a
END GROUP
START GROUP
LOAD /home/hongtao/STM32_Tools/ARM_GCC/gcc-arm-none-eabi-7-2018-q2-update/bin/../lib/gcc/arm-none-eabi/7.3.1/thumb/v7e-m/fpv4-sp/hard/libgcc.a
LOAD /home/hongtao/STM32_Tools/ARM_GCC/gcc-arm-none-eabi-7-2018-q2-update/bin/../lib/gcc/arm-none-eabi/7.3.1/../../../../arm-none-eabi/lib/thumb/v7e-m/fpv4-sp/hard/libc_nano.a
END GROUP
LOAD /home/hongtao/STM32_Tools/ARM_GCC/gcc-arm-none-eabi-7-2018-q2-update/bin/../lib/gcc/arm-none-eabi/7.3.1/thumb/v7e-m/fpv4-sp/hard/crtend.o
LOAD /home/hongtao/STM32_Tools/ARM_GCC/gcc-arm-none-eabi-7-2018-q2-update/bin/../lib/gcc/arm-none-eabi/7.3.1/thumb/v7e-m/fpv4-sp/hard/crtn.o
                0x0000000020020000                _estack = 0x20020000
                0x0000000000000200                _Min_Heap_Size = 0x200
                0x0000000000000400                _Min_Stack_Size = 0x400

.isr_vector     0x0000000008000000      0x1c4
                0x0000000008000000                . = ALIGN (0x4)
 *(.isr_vector)
 .isr_vector    0x0000000008000000      0x1c4 build/startup_stm32f446xx.o
                0x0000000008000000                g_pfnVectors
                0x00000000080001c4                . = ALIGN (0x4)

.text           0x00000000080001d0     0x3ef0
                0x00000000080001d0                . = ALIGN (0x4)
 *(.text)
 .text          0x00000000080001d0       0x40 /home/hongtao/STM32_Tools/ARM_GCC/gcc-arm-none-eabi-7-2018-q2-update/bin/../lib/gcc/arm-none-eabi/7.3.1/thumb/v7e-m/fpv4-sp/hard/crtbegin.o
 .text          0x0000000008000210       0x30 /home/hongtao/STM32_Tools/ARM_GCC/gcc-arm-none-eabi-7-2018-q2-update/bin/../lib/gcc/arm-none-eabi/7.3.1/thumb/v7e-m/fpv4-sp/hard/libgcc.a(_aeabi_uldivmod.o)
                0x0000000008000210                __aeabi_uldivmod
 .text          0x0000000008000240      0x2cc /home/hongtao/STM32_Tools/ARM_GCC/gcc-arm-none-eabi-7-2018-q2-update/bin/../lib/gcc/arm-none-eabi/7.3.1/thumb/v7e-m/fpv4-sp/hard/libgcc.a(_udivmoddi4.o)
                0x0000000008000240                __udivmoddi4
 .text          0x000000000800050c        0x4 /home/hongtao/STM32_Tools/ARM_GCC/gcc-arm-none-eabi-7-2018-q2-update/bin/../lib/gcc/arm-none-eabi/7.3.1/thumb/v7e-m/fpv4-sp/hard/libgcc.a(_dvmd_tls.o)
                0x000000000800050c                __aeabi_ldiv0
                0x000000000800050c                __aeabi_idiv0
 *(.text*)
 .text.MX_GPIO_Init
                0x0000000008000510      0x108 build/main.o
 .text.MX_USART3_UART_Init
                0x0000000008000618       0x2c build/main.o
 .text.MX_USB_OTG_FS_PCD_Init
                0x0000000008000644       0x30 build/main.o
 .text.StartDefaultTask
                0x0000000008000674        0xa build/main.o
                0x0000000008000674                StartDefaultTask
 .text.StartTask02
                0x000000000800067e        0xa build/main.o
                0x000000000800067e                StartTask02
 .text.SystemClock_Config
                0x0000000008000688       0xb0 build/main.o
                0x0000000008000688                SystemClock_Config
 .text.main     0x0000000008000738       0x84 build/main.o
                0x0000000008000738                main
 .text.HAL_TIM_PeriodElapsedCallback
                0x00000000080007bc       0x18 build/main.o
                0x00000000080007bc                HAL_TIM_PeriodElapsedCallback
 .text.NMI_Handler
                0x00000000080007d4        0x2 build/stm32f4xx_it.o
                0x00000000080007d4                NMI_Handler
 .text.HardFault_Handler
                0x00000000080007d6        0x2 build/stm32f4xx_it.o
                0x00000000080007d6                HardFault_Handler
 .text.MemManage_Handler
                0x00000000080007d8        0x2 build/stm32f4xx_it.o
                0x00000000080007d8                MemManage_Handler
 .text.BusFault_Handler
                0x00000000080007da        0x2 build/stm32f4xx_it.o
                0x00000000080007da                BusFault_Handler
 .text.UsageFault_Handler
                0x00000000080007dc        0x2 build/stm32f4xx_it.o
                0x00000000080007dc                UsageFault_Handler
 .text.DebugMon_Handler
                0x00000000080007de        0x2 build/stm32f4xx_it.o
                0x00000000080007de                DebugMon_Handler
 .text.TIM8_BRK_TIM12_IRQHandler
                0x00000000080007e0       0x10 build/stm32f4xx_it.o
                0x00000000080007e0                TIM8_BRK_TIM12_IRQHandler
 .text.HAL_MspInit
                0x00000000080007f0       0x44 build/stm32f4xx_hal_msp.o
                0x00000000080007f0                HAL_MspInit
 .text.HAL_UART_MspInit
                0x0000000008000834       0x74 build/stm32f4xx_hal_msp.o
                0x0000000008000834                HAL_UART_MspInit
 .text.HAL_PCD_MspInit
                0x00000000080008a8       0x88 build/stm32f4xx_hal_msp.o
                0x00000000080008a8                HAL_PCD_MspInit
 .text.HAL_InitTick
                0x0000000008000930       0x7c build/stm32f4xx_hal_timebase_tim.o
                0x0000000008000930                HAL_InitTick
 .text.HAL_TIM_Base_MspInit
                0x00000000080009ac        0x2 build/stm32f4xx_hal_tim.o
                0x00000000080009ac                HAL_TIM_Base_MspInit
 .text.HAL_TIM_Base_Start_IT
                0x00000000080009ae       0x22 build/stm32f4xx_hal_tim.o
                0x00000000080009ae                HAL_TIM_Base_Start_IT
 .text.HAL_TIM_OC_DelayElapsedCallback
                0x00000000080009d0        0x2 build/stm32f4xx_hal_tim.o
                0x00000000080009d0                HAL_TIM_OC_DelayElapsedCallback
 .text.HAL_TIM_IC_CaptureCallback
                0x00000000080009d2        0x2 build/stm32f4xx_hal_tim.o
                0x00000000080009d2                HAL_TIM_IC_CaptureCallback
 .text.HAL_TIM_PWM_PulseFinishedCallback
                0x00000000080009d4        0x2 build/stm32f4xx_hal_tim.o
                0x00000000080009d4                HAL_TIM_PWM_PulseFinishedCallback
 .text.HAL_TIM_TriggerCallback
                0x00000000080009d6        0x2 build/stm32f4xx_hal_tim.o
                0x00000000080009d6                HAL_TIM_TriggerCallback
 .text.HAL_TIM_IRQHandler
                0x00000000080009d8      0x17a build/stm32f4xx_hal_tim.o
                0x00000000080009d8                HAL_TIM_IRQHandler
 *fill*         0x0000000008000b52        0x2 
 .text.TIM_Base_SetConfig
                0x0000000008000b54       0xc8 build/stm32f4xx_hal_tim.o
                0x0000000008000b54                TIM_Base_SetConfig
 .text.HAL_TIM_Base_Init
                0x0000000008000c1c       0x32 build/stm32f4xx_hal_tim.o
                0x0000000008000c1c                HAL_TIM_Base_Init
 .text.HAL_TIMEx_CommutCallback
                0x0000000008000c4e        0x2 build/stm32f4xx_hal_tim_ex.o
                0x0000000008000c4e                HAL_TIMEx_CommutCallback
 .text.HAL_TIMEx_BreakCallback
                0x0000000008000c50        0x2 build/stm32f4xx_hal_tim_ex.o
                0x0000000008000c50                HAL_TIMEx_BreakCallback
 *fill*         0x0000000008000c52        0x2 
 .text.UART_SetConfig
                0x0000000008000c54      0x334 build/stm32f4xx_hal_uart.o
 .text.HAL_UART_Init
                0x0000000008000f88       0x5e build/stm32f4xx_hal_uart.o
                0x0000000008000f88                HAL_UART_Init
 .text.HAL_PCD_Init
                0x0000000008000fe6      0x130 build/stm32f4xx_hal_pcd.o
                0x0000000008000fe6                HAL_PCD_Init
 .text.HAL_PCDEx_ActivateLPM
                0x0000000008001116       0x26 build/stm32f4xx_hal_pcd_ex.o
                0x0000000008001116                HAL_PCDEx_ActivateLPM
 .text.USB_CoreReset
                0x000000000800113c       0x3c build/stm32f4xx_ll_usb.o
 .text.USB_CoreInit
                0x0000000008001178       0x8a build/stm32f4xx_ll_usb.o
                0x0000000008001178                USB_CoreInit
 .text.USB_DisableGlobalInt
                0x0000000008001202        0xc build/stm32f4xx_ll_usb.o
                0x0000000008001202                USB_DisableGlobalInt
 .text.USB_SetCurrentMode
                0x000000000800120e       0x30 build/stm32f4xx_ll_usb.o
                0x000000000800120e                USB_SetCurrentMode
 *fill*         0x000000000800123e        0x2 
 .text.USB_FlushTxFifo
                0x0000000008001240       0x28 build/stm32f4xx_ll_usb.o
                0x0000000008001240                USB_FlushTxFifo
 .text.USB_FlushRxFifo
                0x0000000008001268       0x24 build/stm32f4xx_ll_usb.o
                0x0000000008001268                USB_FlushRxFifo
 .text.USB_SetDevSpeed
                0x000000000800128c        0xe build/stm32f4xx_ll_usb.o
                0x000000000800128c                USB_SetDevSpeed
 *fill*         0x000000000800129a        0x2 
 .text.USB_DevInit
                0x000000000800129c      0x198 build/stm32f4xx_ll_usb.o
                0x000000000800129c                USB_DevInit
 .text.USB_DevDisconnect
                0x0000000008001434       0x18 build/stm32f4xx_ll_usb.o
                0x0000000008001434                USB_DevDisconnect
 .text.HAL_RCC_ClockConfig
                0x000000000800144c      0x158 build/stm32f4xx_hal_rcc.o
                0x000000000800144c                HAL_RCC_ClockConfig
 .text.HAL_RCC_GetHCLKFreq
                0x00000000080015a4        0xc build/stm32f4xx_hal_rcc.o
                0x00000000080015a4                HAL_RCC_GetHCLKFreq
 .text.HAL_RCC_GetPCLK1Freq
                0x00000000080015b0       0x20 build/stm32f4xx_hal_rcc.o
                0x00000000080015b0                HAL_RCC_GetPCLK1Freq
 .text.HAL_RCC_GetPCLK2Freq
                0x00000000080015d0       0x20 build/stm32f4xx_hal_rcc.o
                0x00000000080015d0                HAL_RCC_GetPCLK2Freq
 .text.HAL_RCC_GetClockConfig
                0x00000000080015f0       0x3c build/stm32f4xx_hal_rcc.o
                0x00000000080015f0                HAL_RCC_GetClockConfig
 .text.HAL_RCCEx_PeriphCLKConfig
                0x000000000800162c      0x47c build/stm32f4xx_hal_rcc_ex.o
                0x000000000800162c                HAL_RCCEx_PeriphCLKConfig
 .text.HAL_RCC_GetSysClockFreq
                0x0000000008001aa8      0x184 build/stm32f4xx_hal_rcc_ex.o
                0x0000000008001aa8                HAL_RCC_GetSysClockFreq
 .text.HAL_RCC_OscConfig
                0x0000000008001c2c      0x3c4 build/stm32f4xx_hal_rcc_ex.o
                0x0000000008001c2c                HAL_RCC_OscConfig
 .text.HAL_GPIO_Init
                0x0000000008001ff0      0x1bc build/stm32f4xx_hal_gpio.o
                0x0000000008001ff0                HAL_GPIO_Init
 .text.HAL_GPIO_WritePin
                0x00000000080021ac        0xc build/stm32f4xx_hal_gpio.o
                0x00000000080021ac                HAL_GPIO_WritePin
 .text.HAL_NVIC_SetPriorityGrouping
                0x00000000080021b8       0x24 build/stm32f4xx_hal_cortex.o
                0x00000000080021b8                HAL_NVIC_SetPriorityGrouping
 .text.HAL_NVIC_SetPriority
                0x00000000080021dc       0x68 build/stm32f4xx_hal_cortex.o
                0x00000000080021dc                HAL_NVIC_SetPriority
 .text.HAL_NVIC_EnableIRQ
                0x0000000008002244       0x1c build/stm32f4xx_hal_cortex.o
                0x0000000008002244                HAL_NVIC_EnableIRQ
 .text.HAL_Init
                0x0000000008002260       0x34 build/stm32f4xx_hal.o
                0x0000000008002260                HAL_Init
 .text.HAL_IncTick
                0x0000000008002294       0x18 build/stm32f4xx_hal.o
                0x0000000008002294                HAL_IncTick
 .text.HAL_GetTick
                0x00000000080022ac        0xc build/stm32f4xx_hal.o
                0x00000000080022ac                HAL_GetTick
 .text.HAL_Delay
                0x00000000080022b8       0x28 build/stm32f4xx_hal.o
                0x00000000080022b8                HAL_Delay
 .text.SystemInit
                0x00000000080022e0       0x4c build/system_stm32f4xx.o
                0x00000000080022e0                SystemInit
 .text.vListInitialise
                0x000000000800232c       0x16 build/list.o
                0x000000000800232c                vListInitialise
 .text.vListInitialiseItem
                0x0000000008002342        0x6 build/list.o
                0x0000000008002342                vListInitialiseItem
 .text.vListInsertEnd
                0x0000000008002348       0x18 build/list.o
                0x0000000008002348                vListInsertEnd
 .text.vListInsert
                0x0000000008002360       0x34 build/list.o
                0x0000000008002360                vListInsert
 .text.uxListRemove
                0x0000000008002394       0x28 build/list.o
                0x0000000008002394                uxListRemove
 .text.prvIsQueueFull
                0x00000000080023bc       0x1e build/queue.o
 .text.prvIsQueueEmpty
                0x00000000080023da       0x1a build/queue.o
 .text.prvCopyDataToQueue
                0x00000000080023f4       0x76 build/queue.o
 .text.prvCopyDataFromQueue
                0x000000000800246a       0x24 build/queue.o
 .text.prvUnlockQueue
                0x000000000800248e       0x6e build/queue.o
 .text.xQueueGenericReset
                0x00000000080024fc       0x84 build/queue.o
                0x00000000080024fc                xQueueGenericReset
 .text.prvInitialiseNewQueue
                0x0000000008002580       0x22 build/queue.o
 .text.xQueueGenericCreateStatic
                0x00000000080025a2       0x90 build/queue.o
                0x00000000080025a2                xQueueGenericCreateStatic
 *fill*         0x0000000008002632        0x2 
 .text.xQueueGenericSend
                0x0000000008002634      0x17c build/queue.o
                0x0000000008002634                xQueueGenericSend
 .text.xQueueGenericSendFromISR
                0x00000000080027b0       0xcc build/queue.o
                0x00000000080027b0                xQueueGenericSendFromISR
 .text.xQueueReceive
                0x000000000800287c      0x158 build/queue.o
                0x000000000800287c                xQueueReceive
 .text.vQueueAddToRegistry
                0x00000000080029d4       0x28 build/queue.o
                0x00000000080029d4                vQueueAddToRegistry
 .text.vQueueWaitForMessageRestricted
                0x00000000080029fc       0x52 build/queue.o
                0x00000000080029fc                vQueueWaitForMessageRestricted
 *fill*         0x0000000008002a4e        0x2 
 .text.prvResetNextTaskUnblockTime
                0x0000000008002a50       0x2c build/tasks.o
 .text.prvInitialiseNewTask
                0x0000000008002a7c       0x90 build/tasks.o
 .text.prvInitialiseTaskLists
                0x0000000008002b0c       0x68 build/tasks.o
 .text.prvAddNewTaskToReadyList
                0x0000000008002b74       0xac build/tasks.o
 .text.prvDeleteTCB
                0x0000000008002c20       0x38 build/tasks.o
 .text.prvCheckTasksWaitingTermination
                0x0000000008002c58       0x4c build/tasks.o
 .text.prvIdleTask
                0x0000000008002ca4       0x28 build/tasks.o
 .text.prvAddCurrentTaskToDelayedList
                0x0000000008002ccc       0x7c build/tasks.o
 .text.xTaskCreateStatic
                0x0000000008002d48       0x72 build/tasks.o
                0x0000000008002d48                xTaskCreateStatic
 .text.xTaskCreate
                0x0000000008002dba       0x66 build/tasks.o
                0x0000000008002dba                xTaskCreate
 .text.vTaskStartScheduler
                0x0000000008002e20       0x94 build/tasks.o
                0x0000000008002e20                vTaskStartScheduler
 .text.vTaskSuspendAll
                0x0000000008002eb4       0x10 build/tasks.o
                0x0000000008002eb4                vTaskSuspendAll
 .text.xTaskGetTickCount
                0x0000000008002ec4        0xc build/tasks.o
                0x0000000008002ec4                xTaskGetTickCount
 .text.xTaskIncrementTick
                0x0000000008002ed0      0x118 build/tasks.o
                0x0000000008002ed0                xTaskIncrementTick
 .text.xTaskResumeAll
                0x0000000008002fe8       0xf4 build/tasks.o
                0x0000000008002fe8                xTaskResumeAll
 .text.vTaskDelay
                0x00000000080030dc       0x4c build/tasks.o
                0x00000000080030dc                vTaskDelay
 .text.vTaskSwitchContext
                0x0000000008003128       0x98 build/tasks.o
                0x0000000008003128                vTaskSwitchContext
 .text.vTaskPlaceOnEventList
                0x00000000080031c0       0x30 build/tasks.o
                0x00000000080031c0                vTaskPlaceOnEventList
 .text.vTaskPlaceOnEventListRestricted
                0x00000000080031f0       0x38 build/tasks.o
                0x00000000080031f0                vTaskPlaceOnEventListRestricted
 .text.xTaskRemoveFromEventList
                0x0000000008003228       0x8c build/tasks.o
                0x0000000008003228                xTaskRemoveFromEventList
 .text.vTaskInternalSetTimeOutState
                0x00000000080032b4       0x18 build/tasks.o
                0x00000000080032b4                vTaskInternalSetTimeOutState
 .text.xTaskCheckForTimeOut
                0x00000000080032cc       0x80 build/tasks.o
                0x00000000080032cc                xTaskCheckForTimeOut
 .text.vTaskMissedYield
                0x000000000800334c        0xc build/tasks.o
                0x000000000800334c                vTaskMissedYield
 .text.xTaskGetSchedulerState
                0x0000000008003358       0x20 build/tasks.o
                0x0000000008003358                xTaskGetSchedulerState
 .text.xTaskPriorityDisinherit
                0x0000000008003378       0x90 build/tasks.o
                0x0000000008003378                xTaskPriorityDisinherit
 .text.prvGetNextExpireTime
                0x0000000008003408       0x20 build/timers.o
 .text.prvInsertTimerInActiveList
                0x0000000008003428       0x48 build/timers.o
 .text.prvCheckForValidListAndQueue
                0x0000000008003470       0x70 build/timers.o
 .text.xTimerCreateTimerTask
                0x00000000080034e0       0x64 build/timers.o
                0x00000000080034e0                xTimerCreateTimerTask
 .text.xTimerGenericCommand
                0x0000000008003544       0x6c build/timers.o
                0x0000000008003544                xTimerGenericCommand
 .text.prvSwitchTimerLists
                0x00000000080035b0       0x78 build/timers.o
 .text.prvSampleTimeNow
                0x0000000008003628       0x2c build/timers.o
 .text.prvProcessExpiredTimer
                0x0000000008003654       0x60 build/timers.o
 .text.prvProcessTimerOrBlockTask
                0x00000000080036b4       0x74 build/timers.o
 .text.prvProcessReceivedCommands
                0x0000000008003728       0xfc build/timers.o
 .text.prvTimerTask
                0x0000000008003824       0x16 build/timers.o
 *fill*         0x000000000800383a        0x2 
 .text.osKernelInitialize
                0x000000000800383c       0x44 build/cmsis_os2.o
                0x000000000800383c                osKernelInitialize
 .text.osKernelStart
                0x0000000008003880       0x4c build/cmsis_os2.o
                0x0000000008003880                osKernelStart
 .text.osThreadNew
                0x00000000080038cc       0xe8 build/cmsis_os2.o
                0x00000000080038cc                osThreadNew
 .text.osDelay  0x00000000080039b4       0x44 build/cmsis_os2.o
                0x00000000080039b4                osDelay
 .text.vApplicationGetIdleTaskMemory
                0x00000000080039f8       0x18 build/cmsis_os2.o
                0x00000000080039f8                vApplicationGetIdleTaskMemory
 .text.vApplicationGetTimerTaskMemory
                0x0000000008003a10       0x18 build/cmsis_os2.o
                0x0000000008003a10                vApplicationGetTimerTaskMemory
 .text.prvHeapInit
                0x0000000008003a28       0x64 build/heap_4.o
 .text.prvInsertBlockIntoFreeList
                0x0000000008003a8c       0x58 build/heap_4.o
 .text.pvPortMalloc
                0x0000000008003ae4      0x108 build/heap_4.o
                0x0000000008003ae4                pvPortMalloc
 .text.vPortFree
                0x0000000008003bec       0x70 build/heap_4.o
                0x0000000008003bec                vPortFree
 .text.prvTaskExitError
                0x0000000008003c5c       0x40 build/port.o
 .text.prvPortStartFirstTask
                0x0000000008003c9c       0x28 build/port.o
 .text.vPortEnableVFP
                0x0000000008003cc4       0x14 build/port.o
 .text.pxPortInitialiseStack
                0x0000000008003cd8       0x2c build/port.o
                0x0000000008003cd8                pxPortInitialiseStack
 *fill*         0x0000000008003d04        0xc 
 .text.SVC_Handler
                0x0000000008003d10       0x24 build/port.o
                0x0000000008003d10                SVC_Handler
 .text.vPortEnterCritical
                0x0000000008003d34       0x44 build/port.o
                0x0000000008003d34                vPortEnterCritical
 .text.vPortExitCritical
                0x0000000008003d78       0x2c build/port.o
                0x0000000008003d78                vPortExitCritical
 *fill*         0x0000000008003da4        0xc 
 .text.PendSV_Handler
                0x0000000008003db0       0x64 build/port.o
                0x0000000008003db0                PendSV_Handler
 .text.SysTick_Handler
                0x0000000008003e14       0x2c build/port.o
                0x0000000008003e14                SysTick_Handler
 .text.vPortSetupTimerInterrupt
                0x0000000008003e40       0x38 build/port.o
                0x0000000008003e40                vPortSetupTimerInterrupt
 .text.xPortStartScheduler
                0x0000000008003e78      0x110 build/port.o
                0x0000000008003e78                xPortStartScheduler
 .text.vPortValidateInterruptPriority
                0x0000000008003f88       0x5c build/port.o
                0x0000000008003f88                vPortValidateInterruptPriority
 .text.Reset_Handler
                0x0000000008003fe4       0x50 build/startup_stm32f446xx.o
                0x0000000008003fe4                Reset_Handler
 .text.Default_Handler
                0x0000000008004034        0x2 build/startup_stm32f446xx.o
                0x0000000008004034                RTC_Alarm_IRQHandler
                0x0000000008004034                EXTI2_IRQHandler
                0x0000000008004034                TIM8_CC_IRQHandler
                0x0000000008004034                FMPI2C1_EV_IRQHandler
                0x0000000008004034                SPI4_IRQHandler
                0x0000000008004034                TIM1_CC_IRQHandler
                0x0000000008004034                DMA2_Stream5_IRQHandler
                0x0000000008004034                DMA1_Stream5_IRQHandler
                0x0000000008004034                PVD_IRQHandler
                0x0000000008004034                SDIO_IRQHandler
                0x0000000008004034                TAMP_STAMP_IRQHandler
                0x0000000008004034                CAN2_RX1_IRQHandler
                0x0000000008004034                EXTI3_IRQHandler
                0x0000000008004034                TIM8_TRG_COM_TIM14_IRQHandler
                0x0000000008004034                TIM1_UP_TIM10_IRQHandler
                0x0000000008004034                TIM8_UP_TIM13_IRQHandler
                0x0000000008004034                I2C3_ER_IRQHandler
                0x0000000008004034                EXTI0_IRQHandler
                0x0000000008004034                I2C2_EV_IRQHandler
                0x0000000008004034                DMA1_Stream2_IRQHandler
                0x0000000008004034                CAN1_RX0_IRQHandler
                0x0000000008004034                FPU_IRQHandler
                0x0000000008004034                OTG_HS_WKUP_IRQHandler
                0x0000000008004034                CAN2_SCE_IRQHandler
                0x0000000008004034                DMA2_Stream2_IRQHandler
                0x0000000008004034                SPI1_IRQHandler
                0x0000000008004034                TIM6_DAC_IRQHandler
                0x0000000008004034                TIM1_BRK_TIM9_IRQHandler
                0x0000000008004034                DCMI_IRQHandler
                0x0000000008004034                CAN2_RX0_IRQHandler
                0x0000000008004034                DMA2_Stream3_IRQHandler
                0x0000000008004034                SAI2_IRQHandler
                0x0000000008004034                USART6_IRQHandler
                0x0000000008004034                USART3_IRQHandler
                0x0000000008004034                CAN1_RX1_IRQHandler
                0x0000000008004034                UART5_IRQHandler
                0x0000000008004034                DMA2_Stream0_IRQHandler
                0x0000000008004034                TIM4_IRQHandler
                0x0000000008004034                QUADSPI_IRQHandler
                0x0000000008004034                I2C1_EV_IRQHandler
                0x0000000008004034                DMA1_Stream6_IRQHandler
                0x0000000008004034                DMA1_Stream1_IRQHandler
                0x0000000008004034                UART4_IRQHandler
                0x0000000008004034                TIM3_IRQHandler
                0x0000000008004034                RCC_IRQHandler
                0x0000000008004034                Default_Handler
                0x0000000008004034                CEC_IRQHandler
                0x0000000008004034                EXTI15_10_IRQHandler
                0x0000000008004034                ADC_IRQHandler
                0x0000000008004034                DMA1_Stream7_IRQHandler
                0x0000000008004034                TIM7_IRQHandler
                0x0000000008004034                CAN2_TX_IRQHandler
                0x0000000008004034                TIM5_IRQHandler
                0x0000000008004034                DMA2_Stream7_IRQHandler
                0x0000000008004034                I2C3_EV_IRQHandler
                0x0000000008004034                EXTI9_5_IRQHandler
                0x0000000008004034                RTC_WKUP_IRQHandler
                0x0000000008004034                SPDIF_RX_IRQHandler
                0x0000000008004034                SPI2_IRQHandler
                0x0000000008004034                OTG_HS_EP1_IN_IRQHandler
                0x0000000008004034                DMA1_Stream0_IRQHandler
                0x0000000008004034                CAN1_TX_IRQHandler
                0x0000000008004034                FMPI2C1_ER_IRQHandler
                0x0000000008004034                EXTI4_IRQHandler
                0x0000000008004034                OTG_HS_EP1_OUT_IRQHandler
                0x0000000008004034                WWDG_IRQHandler
                0x0000000008004034                TIM2_IRQHandler
                0x0000000008004034                OTG_FS_WKUP_IRQHandler
                0x0000000008004034                TIM1_TRG_COM_TIM11_IRQHandler
                0x0000000008004034                OTG_HS_IRQHandler
                0x0000000008004034                EXTI1_IRQHandler
                0x0000000008004034                USART2_IRQHandler
                0x0000000008004034                I2C2_ER_IRQHandler
                0x0000000008004034                DMA2_Stream1_IRQHandler
                0x0000000008004034                CAN1_SCE_IRQHandler
                0x0000000008004034                FLASH_IRQHandler
                0x0000000008004034                DMA2_Stream4_IRQHandler
                0x0000000008004034                USART1_IRQHandler
                0x0000000008004034                OTG_FS_IRQHandler
                0x0000000008004034                SPI3_IRQHandler
                0x0000000008004034                DMA1_Stream4_IRQHandler
                0x0000000008004034                I2C1_ER_IRQHandler
                0x0000000008004034                FMC_IRQHandler
                0x0000000008004034                DMA2_Stream6_IRQHandler
                0x0000000008004034                SAI1_IRQHandler
                0x0000000008004034                DMA1_Stream3_IRQHandler
 *fill*         0x0000000008004036        0x2 
 .text.__libc_init_array
                0x0000000008004038       0x48 /home/hongtao/STM32_Tools/ARM_GCC/gcc-arm-none-eabi-7-2018-q2-update/bin/../lib/gcc/arm-none-eabi/7.3.1/../../../../arm-none-eabi/lib/thumb/v7e-m/fpv4-sp/hard/libc_nano.a(lib_a-init.o)
                0x0000000008004038                __libc_init_array
 .text.memcpy   0x0000000008004080       0x16 /home/hongtao/STM32_Tools/ARM_GCC/gcc-arm-none-eabi-7-2018-q2-update/bin/../lib/gcc/arm-none-eabi/7.3.1/../../../../arm-none-eabi/lib/thumb/v7e-m/fpv4-sp/hard/libc_nano.a(lib_a-memcpy-stub.o)
                0x0000000008004080                memcpy
 .text.memset   0x0000000008004096       0x10 /home/hongtao/STM32_Tools/ARM_GCC/gcc-arm-none-eabi-7-2018-q2-update/bin/../lib/gcc/arm-none-eabi/7.3.1/../../../../arm-none-eabi/lib/thumb/v7e-m/fpv4-sp/hard/libc_nano.a(lib_a-memset.o)
                0x0000000008004096                memset
 *(.glue_7)
 .glue_7        0x00000000080040a6        0x0 linker stubs
 *(.glue_7t)
 .glue_7t       0x00000000080040a6        0x0 linker stubs
 *(.eh_frame)
 *fill*         0x00000000080040a6        0x2 
 .eh_frame      0x00000000080040a8        0x0 /home/hongtao/STM32_Tools/ARM_GCC/gcc-arm-none-eabi-7-2018-q2-update/bin/../lib/gcc/arm-none-eabi/7.3.1/thumb/v7e-m/fpv4-sp/hard/crtbegin.o
 *(.init)
 .init          0x00000000080040a8        0x4 /home/hongtao/STM32_Tools/ARM_GCC/gcc-arm-none-eabi-7-2018-q2-update/bin/../lib/gcc/arm-none-eabi/7.3.1/thumb/v7e-m/fpv4-sp/hard/crti.o
                0x00000000080040a8                _init
 .init          0x00000000080040ac        0x8 /home/hongtao/STM32_Tools/ARM_GCC/gcc-arm-none-eabi-7-2018-q2-update/bin/../lib/gcc/arm-none-eabi/7.3.1/thumb/v7e-m/fpv4-sp/hard/crtn.o
 *(.fini)
 .fini          0x00000000080040b4        0x4 /home/hongtao/STM32_Tools/ARM_GCC/gcc-arm-none-eabi-7-2018-q2-update/bin/../lib/gcc/arm-none-eabi/7.3.1/thumb/v7e-m/fpv4-sp/hard/crti.o
                0x00000000080040b4                _fini
 .fini          0x00000000080040b8        0x8 /home/hongtao/STM32_Tools/ARM_GCC/gcc-arm-none-eabi-7-2018-q2-update/bin/../lib/gcc/arm-none-eabi/7.3.1/thumb/v7e-m/fpv4-sp/hard/crtn.o
                0x00000000080040c0                . = ALIGN (0x4)
                0x00000000080040c0                _etext = .

.vfp11_veneer   0x00000000080040c0        0x0
 .vfp11_veneer  0x00000000080040c0        0x0 linker stubs

.v4_bx          0x00000000080040c0        0x0
 .v4_bx         0x00000000080040c0        0x0 linker stubs

.iplt           0x00000000080040c0        0x0
 .iplt          0x00000000080040c0        0x0 /home/hongtao/STM32_Tools/ARM_GCC/gcc-arm-none-eabi-7-2018-q2-update/bin/../lib/gcc/arm-none-eabi/7.3.1/thumb/v7e-m/fpv4-sp/hard/crtbegin.o

.rodata         0x00000000080040c0       0x48
                0x00000000080040c0                . = ALIGN (0x4)
 *(.rodata)
 *(.rodata*)
 .rodata.main.str1.4
                0x00000000080040c0       0x15 build/main.o
 *fill*         0x00000000080040d5        0x3 
 .rodata.AHBPrescTable
                0x00000000080040d8       0x10 build/system_stm32f4xx.o
                0x00000000080040d8                AHBPrescTable
 .rodata.APBPrescTable
                0x00000000080040e8        0x8 build/system_stm32f4xx.o
                0x00000000080040e8                APBPrescTable
 .rodata.vTaskStartScheduler.str1.4
                0x00000000080040f0        0x5 build/tasks.o
 *fill*         0x00000000080040f5        0x3 
 .rodata.prvCheckForValidListAndQueue.str1.4
                0x00000000080040f8        0x5 build/timers.o
 *fill*         0x00000000080040fd        0x3 
 .rodata.xTimerCreateTimerTask.str1.4
                0x0000000008004100        0x8 build/timers.o
                0x0000000008004108                . = ALIGN (0x4)

.ARM.extab
 *(.ARM.extab* .gnu.linkonce.armextab.*)

.ARM            0x0000000008004108        0x8
                0x0000000008004108                __exidx_start = .
 *(.ARM.exidx*)
 .ARM.exidx     0x0000000008004108        0x8 /home/hongtao/STM32_Tools/ARM_GCC/gcc-arm-none-eabi-7-2018-q2-update/bin/../lib/gcc/arm-none-eabi/7.3.1/thumb/v7e-m/fpv4-sp/hard/libgcc.a(_udivmoddi4.o)
                0x0000000008004110                __exidx_end = .

.rel.dyn        0x0000000008004110        0x0
 .rel.iplt      0x0000000008004110        0x0 /home/hongtao/STM32_Tools/ARM_GCC/gcc-arm-none-eabi-7-2018-q2-update/bin/../lib/gcc/arm-none-eabi/7.3.1/thumb/v7e-m/fpv4-sp/hard/crtbegin.o

.preinit_array  0x0000000008004110        0x0
                0x0000000008004110                PROVIDE (__preinit_array_start = .)
 *(.preinit_array*)
                0x0000000008004110                PROVIDE (__preinit_array_end = .)

.init_array     0x0000000008004110        0x4
                0x0000000008004110                PROVIDE (__init_array_start = .)
 *(SORT_BY_NAME(.init_array.*))
 *(.init_array*)
 .init_array    0x0000000008004110        0x4 /home/hongtao/STM32_Tools/ARM_GCC/gcc-arm-none-eabi-7-2018-q2-update/bin/../lib/gcc/arm-none-eabi/7.3.1/thumb/v7e-m/fpv4-sp/hard/crtbegin.o
                0x0000000008004114                PROVIDE (__init_array_end = .)

.fini_array     0x0000000008004114        0x4
                [!provide]                        PROVIDE (__fini_array_start = .)
 *(SORT_BY_NAME(.fini_array.*))
 *(.fini_array*)
 .fini_array    0x0000000008004114        0x4 /home/hongtao/STM32_Tools/ARM_GCC/gcc-arm-none-eabi-7-2018-q2-update/bin/../lib/gcc/arm-none-eabi/7.3.1/thumb/v7e-m/fpv4-sp/hard/crtbegin.o
                [!provide]                        PROVIDE (__fini_array_end = .)
                0x0000000008004118                _sidata = LOADADDR (.data)

.data           0x0000000020000000        0xc load address 0x0000000008004118
                0x0000000020000000                . = ALIGN (0x4)
                0x0000000020000000                _sdata = .
 *(.data)
 *(.data*)
 .data.uwTickFreq
                0x0000000020000000        0x1 build/stm32f4xx_hal.o
                0x0000000020000000                uwTickFreq
 *fill*         0x0000000020000001        0x3 
 .data.SystemCoreClock
                0x0000000020000004        0x4 build/system_stm32f4xx.o
                0x0000000020000004                SystemCoreClock
 .data.uxCriticalNesting
                0x0000000020000008        0x4 build/port.o
                0x000000002000000c                . = ALIGN (0x4)
                0x000000002000000c                _edata = .

.igot.plt       0x000000002000000c        0x0 load address 0x0000000008004124
 .igot.plt      0x000000002000000c        0x0 /home/hongtao/STM32_Tools/ARM_GCC/gcc-arm-none-eabi-7-2018-q2-update/bin/../lib/gcc/arm-none-eabi/7.3.1/thumb/v7e-m/fpv4-sp/hard/crtbegin.o
                0x000000002000000c                . = ALIGN (0x4)

.bss            0x000000002000000c     0x4df4 load address 0x0000000008004124
                0x000000002000000c                _sbss = .
                0x000000002000000c                __bss_start__ = _sbss
 *(.bss)
 .bss           0x000000002000000c       0x1c /home/hongtao/STM32_Tools/ARM_GCC/gcc-arm-none-eabi-7-2018-q2-update/bin/../lib/gcc/arm-none-eabi/7.3.1/thumb/v7e-m/fpv4-sp/hard/crtbegin.o
 *(.bss*)
 .bss.pxCurrentTCB
                0x0000000020000028        0x4 build/tasks.o
                0x0000000020000028                pxCurrentTCB
 .bss.pxDelayedTaskList
                0x000000002000002c        0x4 build/tasks.o
 .bss.pxOverflowDelayedTaskList
                0x0000000020000030        0x4 build/tasks.o
 .bss.pxReadyTasksLists
                0x0000000020000034      0x460 build/tasks.o
 .bss.uxCurrentNumberOfTasks
                0x0000000020000494        0x4 build/tasks.o
 .bss.uxDeletedTasksWaitingCleanUp
                0x0000000020000498        0x4 build/tasks.o
 .bss.uxPendedTicks
                0x000000002000049c        0x4 build/tasks.o
 .bss.uxSchedulerSuspended
                0x00000000200004a0        0x4 build/tasks.o
 .bss.uxTaskNumber
                0x00000000200004a4        0x4 build/tasks.o
 .bss.uxTopReadyPriority
                0x00000000200004a8        0x4 build/tasks.o
 .bss.xDelayedTaskList1
                0x00000000200004ac       0x14 build/tasks.o
 .bss.xDelayedTaskList2
                0x00000000200004c0       0x14 build/tasks.o
 .bss.xNextTaskUnblockTime
                0x00000000200004d4        0x4 build/tasks.o
 .bss.xNumOfOverflows
                0x00000000200004d8        0x4 build/tasks.o
 .bss.xPendingReadyList
                0x00000000200004dc       0x14 build/tasks.o
 .bss.xSchedulerRunning
                0x00000000200004f0        0x4 build/tasks.o
 .bss.xSuspendedTaskList
                0x00000000200004f4       0x14 build/tasks.o
 .bss.xTasksWaitingTermination
                0x0000000020000508       0x14 build/tasks.o
 .bss.xTickCount
                0x000000002000051c        0x4 build/tasks.o
 .bss.xYieldPending
                0x0000000020000520        0x4 build/tasks.o
 .bss.pxCurrentTimerList
                0x0000000020000524        0x4 build/timers.o
 .bss.pxOverflowTimerList
                0x0000000020000528        0x4 build/timers.o
 .bss.ucStaticTimerQueueStorage.6791
                0x000000002000052c       0xa0 build/timers.o
 .bss.xActiveTimerList1
                0x00000000200005cc       0x14 build/timers.o
 .bss.xActiveTimerList2
                0x00000000200005e0       0x14 build/timers.o
 .bss.xLastTime.6740
                0x00000000200005f4        0x4 build/timers.o
 .bss.xStaticTimerQueue.6790
                0x00000000200005f8       0x50 build/timers.o
 .bss.xTimerQueue
                0x0000000020000648        0x4 build/timers.o
 .bss.xTimerTaskHandle
                0x000000002000064c        0x4 build/timers.o
 .bss.Idle_Stack
                0x0000000020000650      0x200 build/cmsis_os2.o
 .bss.Idle_TCB  0x0000000020000850       0x5c build/cmsis_os2.o
 .bss.KernelState
                0x00000000200008ac        0x4 build/cmsis_os2.o
 .bss.Timer_Stack
                0x00000000200008b0      0x400 build/cmsis_os2.o
 .bss.Timer_TCB
                0x0000000020000cb0       0x5c build/cmsis_os2.o
 .bss.pxEnd     0x0000000020000d0c        0x4 build/heap_4.o
 .bss.ucHeap    0x0000000020000d10     0x3c00 build/heap_4.o
 .bss.xBlockAllocatedBit
                0x0000000020004910        0x4 build/heap_4.o
 .bss.xFreeBytesRemaining
                0x0000000020004914        0x4 build/heap_4.o
 .bss.xMinimumEverFreeBytesRemaining
                0x0000000020004918        0x4 build/heap_4.o
 .bss.xStart    0x000000002000491c        0x8 build/heap_4.o
 .bss.ucMaxSysCallPriority
                0x0000000020004924        0x1 build/port.o
 *fill*         0x0000000020004925        0x3 
 .bss.ulMaxPRIGROUPValue
                0x0000000020004928        0x4 build/port.o
 *(COMMON)
 COMMON         0x000000002000492c      0x450 build/main.o
                0x000000002000492c                defaultTaskHandle
                0x0000000020004930                huart3
                0x0000000020004970                hpcd_USB_OTG_FS
                0x0000000020004d78                myTask02Handle
 COMMON         0x0000000020004d7c       0x40 build/stm32f4xx_hal_timebase_tim.o
                0x0000000020004d7c                htim12
 COMMON         0x0000000020004dbc        0x4 build/stm32f4xx_hal.o
                0x0000000020004dbc                uwTick
 COMMON         0x0000000020004dc0       0x40 build/queue.o
                0x0000000020004dc0                xQueueRegistry
                0x0000000020004e00                . = ALIGN (0x4)
                0x0000000020004e00                _ebss = .
                0x0000000020004e00                __bss_end__ = _ebss

._user_heap_stack
                0x0000000020004e00      0x600 load address 0x0000000008004124
                0x0000000020004e00                . = ALIGN (0x8)
                [!provide]                        PROVIDE (end = .)
                [!provide]                        PROVIDE (_end = .)
                0x0000000020005000                . = (. + _Min_Heap_Size)
 *fill*         0x0000000020004e00      0x200 
                0x0000000020005400                . = (. + _Min_Stack_Size)
 *fill*         0x0000000020005000      0x400 
                0x0000000020005400                . = ALIGN (0x8)

/DISCARD/
 libc.a(*)
 libm.a(*)
 libgcc.a(*)

.ARM.attributes
                0x0000000000000000       0x30
 *(.ARM.attributes)
 .ARM.attributes
                0x0000000000000000       0x22 /home/hongtao/STM32_Tools/ARM_GCC/gcc-arm-none-eabi-7-2018-q2-update/bin/../lib/gcc/arm-none-eabi/7.3.1/thumb/v7e-m/fpv4-sp/hard/crti.o
 .ARM.attributes
                0x0000000000000022       0x34 /home/hongtao/STM32_Tools/ARM_GCC/gcc-arm-none-eabi-7-2018-q2-update/bin/../lib/gcc/arm-none-eabi/7.3.1/thumb/v7e-m/fpv4-sp/hard/crtbegin.o
 .ARM.attributes
                0x0000000000000056       0x39 build/main.o
 .ARM.attributes
                0x000000000000008f       0x39 build/stm32f4xx_it.o
 .ARM.attributes
                0x00000000000000c8       0x39 build/stm32f4xx_hal_msp.o
 .ARM.attributes
                0x0000000000000101       0x39 build/stm32f4xx_hal_timebase_tim.o
 .ARM.attributes
                0x000000000000013a       0x39 build/stm32f4xx_hal_tim.o
 .ARM.attributes
                0x0000000000000173       0x39 build/stm32f4xx_hal_tim_ex.o
 .ARM.attributes
                0x00000000000001ac       0x39 build/stm32f4xx_hal_uart.o
 .ARM.attributes
                0x00000000000001e5       0x39 build/stm32f4xx_hal_pcd.o
 .ARM.attributes
                0x000000000000021e       0x39 build/stm32f4xx_hal_pcd_ex.o
 .ARM.attributes
                0x0000000000000257       0x39 build/stm32f4xx_ll_usb.o
 .ARM.attributes
                0x0000000000000290       0x39 build/stm32f4xx_hal_rcc.o
 .ARM.attributes
                0x00000000000002c9       0x39 build/stm32f4xx_hal_rcc_ex.o
 .ARM.attributes
                0x0000000000000302       0x39 build/stm32f4xx_hal_gpio.o
 .ARM.attributes
                0x000000000000033b       0x39 build/stm32f4xx_hal_cortex.o
 .ARM.attributes
                0x0000000000000374       0x39 build/stm32f4xx_hal.o
 .ARM.attributes
                0x00000000000003ad       0x39 build/system_stm32f4xx.o
 .ARM.attributes
                0x00000000000003e6       0x39 build/list.o
 .ARM.attributes
                0x000000000000041f       0x39 build/queue.o
 .ARM.attributes
                0x0000000000000458       0x39 build/tasks.o
 .ARM.attributes
                0x0000000000000491       0x39 build/timers.o
 .ARM.attributes
                0x00000000000004ca       0x39 build/cmsis_os2.o
 .ARM.attributes
                0x0000000000000503       0x39 build/heap_4.o
 .ARM.attributes
                0x000000000000053c       0x39 build/port.o
 .ARM.attributes
                0x0000000000000575       0x21 build/startup_stm32f446xx.o
 .ARM.attributes
                0x0000000000000596       0x34 /home/hongtao/STM32_Tools/ARM_GCC/gcc-arm-none-eabi-7-2018-q2-update/bin/../lib/gcc/arm-none-eabi/7.3.1/../../../../arm-none-eabi/lib/thumb/v7e-m/fpv4-sp/hard/libc_nano.a(lib_a-init.o)
 .ARM.attributes
                0x00000000000005ca       0x34 /home/hongtao/STM32_Tools/ARM_GCC/gcc-arm-none-eabi-7-2018-q2-update/bin/../lib/gcc/arm-none-eabi/7.3.1/../../../../arm-none-eabi/lib/thumb/v7e-m/fpv4-sp/hard/libc_nano.a(lib_a-memcpy-stub.o)
 .ARM.attributes
                0x00000000000005fe       0x34 /home/hongtao/STM32_Tools/ARM_GCC/gcc-arm-none-eabi-7-2018-q2-update/bin/../lib/gcc/arm-none-eabi/7.3.1/../../../../arm-none-eabi/lib/thumb/v7e-m/fpv4-sp/hard/libc_nano.a(lib_a-memset.o)
 .ARM.attributes
                0x0000000000000632       0x22 /home/hongtao/STM32_Tools/ARM_GCC/gcc-arm-none-eabi-7-2018-q2-update/bin/../lib/gcc/arm-none-eabi/7.3.1/thumb/v7e-m/fpv4-sp/hard/libgcc.a(_aeabi_uldivmod.o)
 .ARM.attributes
                0x0000000000000654       0x34 /home/hongtao/STM32_Tools/ARM_GCC/gcc-arm-none-eabi-7-2018-q2-update/bin/../lib/gcc/arm-none-eabi/7.3.1/thumb/v7e-m/fpv4-sp/hard/libgcc.a(_udivmoddi4.o)
 .ARM.attributes
                0x0000000000000688       0x22 /home/hongtao/STM32_Tools/ARM_GCC/gcc-arm-none-eabi-7-2018-q2-update/bin/../lib/gcc/arm-none-eabi/7.3.1/thumb/v7e-m/fpv4-sp/hard/libgcc.a(_dvmd_tls.o)
 .ARM.attributes
                0x00000000000006aa       0x22 /home/hongtao/STM32_Tools/ARM_GCC/gcc-arm-none-eabi-7-2018-q2-update/bin/../lib/gcc/arm-none-eabi/7.3.1/thumb/v7e-m/fpv4-sp/hard/crtn.o
OUTPUT(build/cubemx_project.elf elf32-littlearm)

.debug_info     0x0000000000000000    0x21b54
 .debug_info    0x0000000000000000     0x1bfe build/main.o
 .debug_info    0x0000000000001bfe      0x733 build/stm32f4xx_it.o
 .debug_info    0x0000000000002331     0x12a0 build/stm32f4xx_hal_msp.o
 .debug_info    0x00000000000035d1      0xcfa build/stm32f4xx_hal_timebase_tim.o
 .debug_info    0x00000000000042cb     0x3478 build/stm32f4xx_hal_tim.o
 .debug_info    0x0000000000007743     0x1612 build/stm32f4xx_hal_tim_ex.o
 .debug_info    0x0000000000008d55     0x18aa build/stm32f4xx_hal_uart.o
 .debug_info    0x000000000000a5ff     0x19bf build/stm32f4xx_hal_pcd.o
 .debug_info    0x000000000000bfbe      0x86f build/stm32f4xx_hal_pcd_ex.o
 .debug_info    0x000000000000c82d     0x1d4b build/stm32f4xx_ll_usb.o
 .debug_info    0x000000000000e578      0xb64 build/stm32f4xx_hal_rcc.o
 .debug_info    0x000000000000f0dc      0xcc8 build/stm32f4xx_hal_rcc_ex.o
 .debug_info    0x000000000000fda4      0x86a build/stm32f4xx_hal_gpio.o
 .debug_info    0x000000000001060e     0x1038 build/stm32f4xx_hal_cortex.o
 .debug_info    0x0000000000011646      0xb08 build/stm32f4xx_hal.o
 .debug_info    0x000000000001214e      0x5c0 build/system_stm32f4xx.o
 .debug_info    0x000000000001270e      0xbe1 build/list.o
 .debug_info    0x00000000000132ef     0x2e7e build/queue.o
 .debug_info    0x000000000001616d     0x36ad build/tasks.o
 .debug_info    0x000000000001981a     0x2174 build/timers.o
 .debug_info    0x000000000001b98e     0x4e7d build/cmsis_os2.o
 .debug_info    0x000000000002080b      0xd7b build/heap_4.o
 .debug_info    0x0000000000021586      0x5ac build/port.o
 .debug_info    0x0000000000021b32       0x22 build/startup_stm32f446xx.o

.debug_abbrev   0x0000000000000000     0x3b68
 .debug_abbrev  0x0000000000000000      0x2ad build/main.o
 .debug_abbrev  0x00000000000002ad      0x178 build/stm32f4xx_it.o
 .debug_abbrev  0x0000000000000425      0x1d5 build/stm32f4xx_hal_msp.o
 .debug_abbrev  0x00000000000005fa      0x1f0 build/stm32f4xx_hal_timebase_tim.o
 .debug_abbrev  0x00000000000007ea      0x274 build/stm32f4xx_hal_tim.o
 .debug_abbrev  0x0000000000000a5e      0x26d build/stm32f4xx_hal_tim_ex.o
 .debug_abbrev  0x0000000000000ccb      0x2bf build/stm32f4xx_hal_uart.o
 .debug_abbrev  0x0000000000000f8a      0x2ad build/stm32f4xx_hal_pcd.o
 .debug_abbrev  0x0000000000001237      0x1ce build/stm32f4xx_hal_pcd_ex.o
 .debug_abbrev  0x0000000000001405      0x2d1 build/stm32f4xx_ll_usb.o
 .debug_abbrev  0x00000000000016d6      0x28d build/stm32f4xx_hal_rcc.o
 .debug_abbrev  0x0000000000001963      0x245 build/stm32f4xx_hal_rcc_ex.o
 .debug_abbrev  0x0000000000001ba8      0x21c build/stm32f4xx_hal_gpio.o
 .debug_abbrev  0x0000000000001dc4      0x33d build/stm32f4xx_hal_cortex.o
 .debug_abbrev  0x0000000000002101      0x1f1 build/stm32f4xx_hal.o
 .debug_abbrev  0x00000000000022f2      0x110 build/system_stm32f4xx.o
 .debug_abbrev  0x0000000000002402      0x21e build/list.o
 .debug_abbrev  0x0000000000002620      0x403 build/queue.o
 .debug_abbrev  0x0000000000002a23      0x3f3 build/tasks.o
 .debug_abbrev  0x0000000000002e16      0x386 build/timers.o
 .debug_abbrev  0x000000000000319c      0x451 build/cmsis_os2.o
 .debug_abbrev  0x00000000000035ed      0x312 build/heap_4.o
 .debug_abbrev  0x00000000000038ff      0x257 build/port.o
 .debug_abbrev  0x0000000000003b56       0x12 build/startup_stm32f446xx.o

.debug_loc      0x0000000000000000    0x1694c
 .debug_loc     0x0000000000000000      0x1bb build/main.o
 .debug_loc     0x00000000000001bb       0x20 build/stm32f4xx_it.o
 .debug_loc     0x00000000000001db      0x1e8 build/stm32f4xx_hal_msp.o
 .debug_loc     0x00000000000003c3       0xae build/stm32f4xx_hal_timebase_tim.o
 .debug_loc     0x0000000000000471     0x4378 build/stm32f4xx_hal_tim.o
 .debug_loc     0x00000000000047e9     0x1602 build/stm32f4xx_hal_tim_ex.o
 .debug_loc     0x0000000000005deb     0x1a03 build/stm32f4xx_hal_uart.o
 .debug_loc     0x00000000000077ee     0x12ec build/stm32f4xx_hal_pcd.o
 .debug_loc     0x0000000000008ada      0x124 build/stm32f4xx_hal_pcd_ex.o
 .debug_loc     0x0000000000008bfe     0x232e build/stm32f4xx_ll_usb.o
 .debug_loc     0x000000000000af2c      0x555 build/stm32f4xx_hal_rcc.o
 .debug_loc     0x000000000000b481      0xca6 build/stm32f4xx_hal_rcc_ex.o
 .debug_loc     0x000000000000c127      0x55f build/stm32f4xx_hal_gpio.o
 .debug_loc     0x000000000000c686      0x65e build/stm32f4xx_hal_cortex.o
 .debug_loc     0x000000000000cce4      0x19d build/stm32f4xx_hal.o
 .debug_loc     0x000000000000ce81      0x13e build/system_stm32f4xx.o
 .debug_loc     0x000000000000cfbf       0x9c build/list.o
 .debug_loc     0x000000000000d05b     0x18ca build/queue.o
 .debug_loc     0x000000000000e925     0x220b build/tasks.o
 .debug_loc     0x0000000000010b30      0xf5b build/timers.o
 .debug_loc     0x0000000000011a8b     0x4a3d build/cmsis_os2.o
 .debug_loc     0x00000000000164c8      0x324 build/heap_4.o
 .debug_loc     0x00000000000167ec      0x160 build/port.o

.debug_aranges  0x0000000000000000     0x15a0
 .debug_aranges
                0x0000000000000000       0x60 build/main.o
 .debug_aranges
                0x0000000000000060       0x50 build/stm32f4xx_it.o
 .debug_aranges
                0x00000000000000b0       0x40 build/stm32f4xx_hal_msp.o
 .debug_aranges
                0x00000000000000f0       0x30 build/stm32f4xx_hal_timebase_tim.o
 .debug_aranges
                0x0000000000000120      0x3a8 build/stm32f4xx_hal_tim.o
 .debug_aranges
                0x00000000000004c8      0x150 build/stm32f4xx_hal_tim_ex.o
 .debug_aranges
                0x0000000000000618      0x1d0 build/stm32f4xx_hal_uart.o
 .debug_aranges
                0x00000000000007e8      0x130 build/stm32f4xx_hal_pcd.o
 .debug_aranges
                0x0000000000000918       0x48 build/stm32f4xx_hal_pcd_ex.o
 .debug_aranges
                0x0000000000000960      0x198 build/stm32f4xx_ll_usb.o
 .debug_aranges
                0x0000000000000af8       0x88 build/stm32f4xx_hal_rcc.o
 .debug_aranges
                0x0000000000000b80       0x78 build/stm32f4xx_hal_rcc_ex.o
 .debug_aranges
                0x0000000000000bf8       0x58 build/stm32f4xx_hal_gpio.o
 .debug_aranges
                0x0000000000000c50       0xa8 build/stm32f4xx_hal_cortex.o
 .debug_aranges
                0x0000000000000cf8       0xf0 build/stm32f4xx_hal.o
 .debug_aranges
                0x0000000000000de8       0x28 build/system_stm32f4xx.o
 .debug_aranges
                0x0000000000000e10       0x40 build/list.o
 .debug_aranges
                0x0000000000000e50      0x158 build/queue.o
 .debug_aranges
                0x0000000000000fa8      0x1f8 build/tasks.o
 .debug_aranges
                0x00000000000011a0       0xe0 build/timers.o
 .debug_aranges
                0x0000000000001280      0x228 build/cmsis_os2.o
 .debug_aranges
                0x00000000000014a8       0x50 build/heap_4.o
 .debug_aranges
                0x00000000000014f8       0x80 build/port.o
 .debug_aranges
                0x0000000000001578       0x28 build/startup_stm32f446xx.o

.debug_ranges   0x0000000000000000     0x1698
 .debug_ranges  0x0000000000000000       0x50 build/main.o
 .debug_ranges  0x0000000000000050       0x40 build/stm32f4xx_it.o
 .debug_ranges  0x0000000000000090       0x30 build/stm32f4xx_hal_msp.o
 .debug_ranges  0x00000000000000c0       0x20 build/stm32f4xx_hal_timebase_tim.o
 .debug_ranges  0x00000000000000e0      0x398 build/stm32f4xx_hal_tim.o
 .debug_ranges  0x0000000000000478      0x140 build/stm32f4xx_hal_tim_ex.o
 .debug_ranges  0x00000000000005b8      0x1c0 build/stm32f4xx_hal_uart.o
 .debug_ranges  0x0000000000000778      0x120 build/stm32f4xx_hal_pcd.o
 .debug_ranges  0x0000000000000898       0x38 build/stm32f4xx_hal_pcd_ex.o
 .debug_ranges  0x00000000000008d0      0x188 build/stm32f4xx_ll_usb.o
 .debug_ranges  0x0000000000000a58       0x90 build/stm32f4xx_hal_rcc.o
 .debug_ranges  0x0000000000000ae8       0x80 build/stm32f4xx_hal_rcc_ex.o
 .debug_ranges  0x0000000000000b68       0x48 build/stm32f4xx_hal_gpio.o
 .debug_ranges  0x0000000000000bb0       0xf8 build/stm32f4xx_hal_cortex.o
 .debug_ranges  0x0000000000000ca8       0xe0 build/stm32f4xx_hal.o
 .debug_ranges  0x0000000000000d88       0x18 build/system_stm32f4xx.o
 .debug_ranges  0x0000000000000da0       0x30 build/list.o
 .debug_ranges  0x0000000000000dd0      0x228 build/queue.o
 .debug_ranges  0x0000000000000ff8      0x2e8 build/tasks.o
 .debug_ranges  0x00000000000012e0       0xd0 build/timers.o
 .debug_ranges  0x00000000000013b0      0x218 build/cmsis_os2.o
 .debug_ranges  0x00000000000015c8       0x40 build/heap_4.o
 .debug_ranges  0x0000000000001608       0x70 build/port.o
 .debug_ranges  0x0000000000001678       0x20 build/startup_stm32f446xx.o

.debug_line     0x0000000000000000     0xa2b8
 .debug_line    0x0000000000000000      0x3eb build/main.o
 .debug_line    0x00000000000003eb      0x265 build/stm32f4xx_it.o
 .debug_line    0x0000000000000650      0x2e1 build/stm32f4xx_hal_msp.o
 .debug_line    0x0000000000000931      0x272 build/stm32f4xx_hal_timebase_tim.o
 .debug_line    0x0000000000000ba3     0x1424 build/stm32f4xx_hal_tim.o
 .debug_line    0x0000000000001fc7      0x86c build/stm32f4xx_hal_tim_ex.o
 .debug_line    0x0000000000002833      0xb8e build/stm32f4xx_hal_uart.o
 .debug_line    0x00000000000033c1      0x81e build/stm32f4xx_hal_pcd.o
 .debug_line    0x0000000000003bdf      0x29e build/stm32f4xx_hal_pcd_ex.o
 .debug_line    0x0000000000003e7d      0x8e8 build/stm32f4xx_ll_usb.o
 .debug_line    0x0000000000004765      0x4c7 build/stm32f4xx_hal_rcc.o
 .debug_line    0x0000000000004c2c      0x672 build/stm32f4xx_hal_rcc_ex.o
 .debug_line    0x000000000000529e      0x38d build/stm32f4xx_hal_gpio.o
 .debug_line    0x000000000000562b      0x45b build/stm32f4xx_hal_cortex.o
 .debug_line    0x0000000000005a86      0x420 build/stm32f4xx_hal.o
 .debug_line    0x0000000000005ea6      0x1d4 build/system_stm32f4xx.o
 .debug_line    0x000000000000607a      0x356 build/list.o
 .debug_line    0x00000000000063d0      0xb54 build/queue.o
 .debug_line    0x0000000000006f24      0xf4d build/tasks.o
 .debug_line    0x0000000000007e71      0x646 build/timers.o
 .debug_line    0x00000000000084b7     0x162c build/cmsis_os2.o
 .debug_line    0x0000000000009ae3      0x400 build/heap_4.o
 .debug_line    0x0000000000009ee3      0x361 build/port.o
 .debug_line    0x000000000000a244       0x74 build/startup_stm32f446xx.o

.debug_str      0x0000000000000000     0x7c7b
 .debug_str     0x0000000000000000     0x1569 build/main.o
                                       0x165a (size before relaxing)
 .debug_str     0x0000000000001569       0xac build/stm32f4xx_it.o
                                        0x6cc (size before relaxing)
 .debug_str     0x0000000000001615      0x5af build/stm32f4xx_hal_msp.o
                                       0x10de (size before relaxing)
 .debug_str     0x0000000000001bc4      0x103 build/stm32f4xx_hal_timebase_tim.o
                                        0xe0d (size before relaxing)
 .debug_str     0x0000000000001cc7      0xded build/stm32f4xx_hal_tim.o
                                       0x1518 (size before relaxing)
 .debug_str     0x0000000000002ab4      0x545 build/stm32f4xx_hal_tim_ex.o
                                        0xd30 (size before relaxing)
 .debug_str     0x0000000000002ff9      0x555 build/stm32f4xx_hal_uart.o
                                        0xc63 (size before relaxing)
 .debug_str     0x000000000000354e      0x79f build/stm32f4xx_hal_pcd.o
                                        0xdd9 (size before relaxing)
 .debug_str     0x0000000000003ced      0x165 build/stm32f4xx_hal_pcd_ex.o
                                        0x7c3 (size before relaxing)
 .debug_str     0x0000000000003e52      0x432 build/stm32f4xx_ll_usb.o
                                        0xcd0 (size before relaxing)
 .debug_str     0x0000000000004284      0x14f build/stm32f4xx_hal_rcc.o
                                        0x738 (size before relaxing)
 .debug_str     0x00000000000043d3      0x19a build/stm32f4xx_hal_rcc_ex.o
                                        0x83b (size before relaxing)
 .debug_str     0x000000000000456d      0x120 build/stm32f4xx_hal_gpio.o
                                        0x560 (size before relaxing)
 .debug_str     0x000000000000468d      0x4cf build/stm32f4xx_hal_cortex.o
                                        0xcb6 (size before relaxing)
 .debug_str     0x0000000000004b5c      0x267 build/stm32f4xx_hal.o
                                        0xc10 (size before relaxing)
 .debug_str     0x0000000000004dc3       0x42 build/system_stm32f4xx.o
                                        0x3c4 (size before relaxing)
 .debug_str     0x0000000000004e05      0x50e build/list.o
                                        0x708 (size before relaxing)
 .debug_str     0x0000000000005313      0x9b2 build/queue.o
                                       0x1086 (size before relaxing)
 .debug_str     0x0000000000005cc5      0xc4b build/tasks.o
                                       0x1682 (size before relaxing)
 .debug_str     0x0000000000006910      0x5a9 build/timers.o
                                        0xff9 (size before relaxing)
 .debug_str     0x0000000000006eb9      0xa3c build/cmsis_os2.o
                                       0x1ce4 (size before relaxing)
 .debug_str     0x00000000000078f5      0x1d5 build/heap_4.o
                                        0x7f1 (size before relaxing)
 .debug_str     0x0000000000007aca      0x18d build/port.o
                                        0x48e (size before relaxing)
 .debug_str     0x0000000000007c57       0x24 build/startup_stm32f446xx.o
                                         0x66 (size before relaxing)

.comment        0x0000000000000000       0x7f
 .comment       0x0000000000000000       0x7f build/main.o
                                         0x80 (size before relaxing)
 .comment       0x000000000000007f       0x80 build/stm32f4xx_it.o
 .comment       0x000000000000007f       0x80 build/stm32f4xx_hal_msp.o
 .comment       0x000000000000007f       0x80 build/stm32f4xx_hal_timebase_tim.o
 .comment       0x000000000000007f       0x80 build/stm32f4xx_hal_tim.o
 .comment       0x000000000000007f       0x80 build/stm32f4xx_hal_tim_ex.o
 .comment       0x000000000000007f       0x80 build/stm32f4xx_hal_uart.o
 .comment       0x000000000000007f       0x80 build/stm32f4xx_hal_pcd.o
 .comment       0x000000000000007f       0x80 build/stm32f4xx_hal_pcd_ex.o
 .comment       0x000000000000007f       0x80 build/stm32f4xx_ll_usb.o
 .comment       0x000000000000007f       0x80 build/stm32f4xx_hal_rcc.o
 .comment       0x000000000000007f       0x80 build/stm32f4xx_hal_rcc_ex.o
 .comment       0x000000000000007f       0x80 build/stm32f4xx_hal_gpio.o
 .comment       0x000000000000007f       0x80 build/stm32f4xx_hal_cortex.o
 .comment       0x000000000000007f       0x80 build/stm32f4xx_hal.o
 .comment       0x000000000000007f       0x80 build/system_stm32f4xx.o
 .comment       0x000000000000007f       0x80 build/list.o
 .comment       0x000000000000007f       0x80 build/queue.o
 .comment       0x000000000000007f       0x80 build/tasks.o
 .comment       0x000000000000007f       0x80 build/timers.o
 .comment       0x000000000000007f       0x80 build/cmsis_os2.o
 .comment       0x000000000000007f       0x80 build/heap_4.o
 .comment       0x000000000000007f       0x80 build/port.o

.debug_frame    0x0000000000000000     0x43a4
 .debug_frame   0x0000000000000000      0x118 build/main.o
 .debug_frame   0x0000000000000118       0x8c build/stm32f4xx_it.o
 .debug_frame   0x00000000000001a4       0xb0 build/stm32f4xx_hal_msp.o
 .debug_frame   0x0000000000000254       0x54 build/stm32f4xx_hal_timebase_tim.o
 .debug_frame   0x00000000000002a8      0xbc4 build/stm32f4xx_hal_tim.o
 .debug_frame   0x0000000000000e6c      0x430 build/stm32f4xx_hal_tim_ex.o
 .debug_frame   0x000000000000129c      0x57c build/stm32f4xx_hal_uart.o
 .debug_frame   0x0000000000001818      0x3b4 build/stm32f4xx_hal_pcd.o
 .debug_frame   0x0000000000001bcc       0x80 build/stm32f4xx_hal_pcd_ex.o
 .debug_frame   0x0000000000001c4c      0x50c build/stm32f4xx_ll_usb.o
 .debug_frame   0x0000000000002158      0x1c4 build/stm32f4xx_hal_rcc.o
 .debug_frame   0x000000000000231c      0x170 build/stm32f4xx_hal_rcc_ex.o
 .debug_frame   0x000000000000248c       0xec build/stm32f4xx_hal_gpio.o
 .debug_frame   0x0000000000002578      0x16c build/stm32f4xx_hal_cortex.o
 .debug_frame   0x00000000000026e4      0x200 build/stm32f4xx_hal.o
 .debug_frame   0x00000000000028e4       0x30 build/system_stm32f4xx.o
 .debug_frame   0x0000000000002914       0x70 build/list.o
 .debug_frame   0x0000000000002984      0x4b8 build/queue.o
 .debug_frame   0x0000000000002e3c      0x71c build/tasks.o
 .debug_frame   0x0000000000003558      0x310 build/timers.o
 .debug_frame   0x0000000000003868      0x8a8 build/cmsis_os2.o
 .debug_frame   0x0000000000004110       0xbc build/heap_4.o
 .debug_frame   0x00000000000041cc      0x104 build/port.o
 .debug_frame   0x00000000000042d0       0x2c /home/hongtao/STM32_Tools/ARM_GCC/gcc-arm-none-eabi-7-2018-q2-update/bin/../lib/gcc/arm-none-eabi/7.3.1/../../../../arm-none-eabi/lib/thumb/v7e-m/fpv4-sp/hard/libc_nano.a(lib_a-init.o)
 .debug_frame   0x00000000000042fc       0x28 /home/hongtao/STM32_Tools/ARM_GCC/gcc-arm-none-eabi-7-2018-q2-update/bin/../lib/gcc/arm-none-eabi/7.3.1/../../../../arm-none-eabi/lib/thumb/v7e-m/fpv4-sp/hard/libc_nano.a(lib_a-memcpy-stub.o)
 .debug_frame   0x0000000000004324       0x20 /home/hongtao/STM32_Tools/ARM_GCC/gcc-arm-none-eabi-7-2018-q2-update/bin/../lib/gcc/arm-none-eabi/7.3.1/../../../../arm-none-eabi/lib/thumb/v7e-m/fpv4-sp/hard/libc_nano.a(lib_a-memset.o)
 .debug_frame   0x0000000000004344       0x2c /home/hongtao/STM32_Tools/ARM_GCC/gcc-arm-none-eabi-7-2018-q2-update/bin/../lib/gcc/arm-none-eabi/7.3.1/thumb/v7e-m/fpv4-sp/hard/libgcc.a(_aeabi_uldivmod.o)
 .debug_frame   0x0000000000004370       0x34 /home/hongtao/STM32_Tools/ARM_GCC/gcc-arm-none-eabi-7-2018-q2-update/bin/../lib/gcc/arm-none-eabi/7.3.1/thumb/v7e-m/fpv4-sp/hard/libgcc.a(_udivmoddi4.o)

Cross Reference Table

Symbol                                            File
ADC_IRQHandler                                    build/startup_stm32f446xx.o
AHBPrescTable                                     build/system_stm32f4xx.o
                                                  build/stm32f4xx_hal_rcc.o
APBPrescTable                                     build/system_stm32f4xx.o
                                                  build/stm32f4xx_hal_rcc.o
BusFault_Handler                                  build/stm32f4xx_it.o
CAN1_RX0_IRQHandler                               build/startup_stm32f446xx.o
CAN1_RX1_IRQHandler                               build/startup_stm32f446xx.o
CAN1_SCE_IRQHandler                               build/startup_stm32f446xx.o
CAN1_TX_IRQHandler                                build/startup_stm32f446xx.o
CAN2_RX0_IRQHandler                               build/startup_stm32f446xx.o
CAN2_RX1_IRQHandler                               build/startup_stm32f446xx.o
CAN2_SCE_IRQHandler                               build/startup_stm32f446xx.o
CAN2_TX_IRQHandler                                build/startup_stm32f446xx.o
CEC_IRQHandler                                    build/startup_stm32f446xx.o
DCMI_IRQHandler                                   build/startup_stm32f446xx.o
DMA1_Stream0_IRQHandler                           build/startup_stm32f446xx.o
DMA1_Stream1_IRQHandler                           build/startup_stm32f446xx.o
DMA1_Stream2_IRQHandler                           build/startup_stm32f446xx.o
DMA1_Stream3_IRQHandler                           build/startup_stm32f446xx.o
DMA1_Stream4_IRQHandler                           build/startup_stm32f446xx.o
DMA1_Stream5_IRQHandler                           build/startup_stm32f446xx.o
DMA1_Stream6_IRQHandler                           build/startup_stm32f446xx.o
DMA1_Stream7_IRQHandler                           build/startup_stm32f446xx.o
DMA2_Stream0_IRQHandler                           build/startup_stm32f446xx.o
DMA2_Stream1_IRQHandler                           build/startup_stm32f446xx.o
DMA2_Stream2_IRQHandler                           build/startup_stm32f446xx.o
DMA2_Stream3_IRQHandler                           build/startup_stm32f446xx.o
DMA2_Stream4_IRQHandler                           build/startup_stm32f446xx.o
DMA2_Stream5_IRQHandler                           build/startup_stm32f446xx.o
DMA2_Stream6_IRQHandler                           build/startup_stm32f446xx.o
DMA2_Stream7_IRQHandler                           build/startup_stm32f446xx.o
DebugMon_Handler                                  build/stm32f4xx_it.o
Default_Handler                                   build/startup_stm32f446xx.o
EXTI0_IRQHandler                                  build/startup_stm32f446xx.o
EXTI15_10_IRQHandler                              build/startup_stm32f446xx.o
EXTI1_IRQHandler                                  build/startup_stm32f446xx.o
EXTI2_IRQHandler                                  build/startup_stm32f446xx.o
EXTI3_IRQHandler                                  build/startup_stm32f446xx.o
EXTI4_IRQHandler                                  build/startup_stm32f446xx.o
EXTI9_5_IRQHandler                                build/startup_stm32f446xx.o
Error_Handler                                     build/main.o
FLASH_Erase_Sector                                build/stm32f4xx_hal_flash_ex.o
                                                  build/stm32f4xx_hal_flash.o
FLASH_FlushCaches                                 build/stm32f4xx_hal_flash_ex.o
                                                  build/stm32f4xx_hal_flash.o
FLASH_IRQHandler                                  build/startup_stm32f446xx.o
FLASH_WaitForLastOperation                        build/stm32f4xx_hal_flash.o
                                                  build/stm32f4xx_hal_flash_ex.o
FMC_IRQHandler                                    build/startup_stm32f446xx.o
FMPI2C1_ER_IRQHandler                             build/startup_stm32f446xx.o
FMPI2C1_EV_IRQHandler                             build/startup_stm32f446xx.o
FPU_IRQHandler                                    build/startup_stm32f446xx.o
HAL_DBGMCU_DisableDBGSleepMode                    build/stm32f4xx_hal.o
HAL_DBGMCU_DisableDBGStandbyMode                  build/stm32f4xx_hal.o
HAL_DBGMCU_DisableDBGStopMode                     build/stm32f4xx_hal.o
HAL_DBGMCU_EnableDBGSleepMode                     build/stm32f4xx_hal.o
HAL_DBGMCU_EnableDBGStandbyMode                   build/stm32f4xx_hal.o
HAL_DBGMCU_EnableDBGStopMode                      build/stm32f4xx_hal.o
HAL_DMAEx_ChangeMemory                            build/stm32f4xx_hal_dma_ex.o
HAL_DMAEx_MultiBufferStart                        build/stm32f4xx_hal_dma_ex.o
HAL_DMAEx_MultiBufferStart_IT                     build/stm32f4xx_hal_dma_ex.o
HAL_DMA_Abort                                     build/stm32f4xx_hal_dma.o
                                                  build/stm32f4xx_hal_uart.o
HAL_DMA_Abort_IT                                  build/stm32f4xx_hal_dma.o
                                                  build/stm32f4xx_hal_uart.o
                                                  build/stm32f4xx_hal_tim_ex.o
                                                  build/stm32f4xx_hal_tim.o
HAL_DMA_DeInit                                    build/stm32f4xx_hal_dma.o
HAL_DMA_GetError                                  build/stm32f4xx_hal_dma.o
                                                  build/stm32f4xx_hal_uart.o
HAL_DMA_GetState                                  build/stm32f4xx_hal_dma.o
HAL_DMA_IRQHandler                                build/stm32f4xx_hal_dma.o
HAL_DMA_Init                                      build/stm32f4xx_hal_dma.o
HAL_DMA_PollForTransfer                           build/stm32f4xx_hal_dma.o
HAL_DMA_RegisterCallback                          build/stm32f4xx_hal_dma.o
HAL_DMA_Start                                     build/stm32f4xx_hal_dma.o
HAL_DMA_Start_IT                                  build/stm32f4xx_hal_dma.o
                                                  build/stm32f4xx_hal_uart.o
                                                  build/stm32f4xx_hal_tim_ex.o
                                                  build/stm32f4xx_hal_tim.o
HAL_DMA_UnRegisterCallback                        build/stm32f4xx_hal_dma.o
HAL_DeInit                                        build/stm32f4xx_hal.o
HAL_Delay                                         build/stm32f4xx_hal.o
                                                  build/stm32f4xx_ll_usb.o
HAL_DisableCompensationCell                       build/stm32f4xx_hal.o
HAL_EXTI_ClearConfigLine                          build/stm32f4xx_hal_exti.o
HAL_EXTI_ClearPending                             build/stm32f4xx_hal_exti.o
HAL_EXTI_GenerateSWI                              build/stm32f4xx_hal_exti.o
HAL_EXTI_GetConfigLine                            build/stm32f4xx_hal_exti.o
HAL_EXTI_GetHandle                                build/stm32f4xx_hal_exti.o
HAL_EXTI_GetPending                               build/stm32f4xx_hal_exti.o
HAL_EXTI_IRQHandler                               build/stm32f4xx_hal_exti.o
HAL_EXTI_RegisterCallback                         build/stm32f4xx_hal_exti.o
HAL_EXTI_SetConfigLine                            build/stm32f4xx_hal_exti.o
HAL_EnableCompensationCell                        build/stm32f4xx_hal.o
HAL_FLASHEx_AdvOBGetConfig                        build/stm32f4xx_hal_flash_ex.o
HAL_FLASHEx_AdvOBProgram                          build/stm32f4xx_hal_flash_ex.o
HAL_FLASHEx_DisableFlashSleepMode                 build/stm32f4xx_hal_flash_ramfunc.o
HAL_FLASHEx_EnableFlashSleepMode                  build/stm32f4xx_hal_flash_ramfunc.o
HAL_FLASHEx_Erase                                 build/stm32f4xx_hal_flash_ex.o
HAL_FLASHEx_Erase_IT                              build/stm32f4xx_hal_flash_ex.o
HAL_FLASHEx_OBGetConfig                           build/stm32f4xx_hal_flash_ex.o
HAL_FLASHEx_OBProgram                             build/stm32f4xx_hal_flash_ex.o
HAL_FLASHEx_OB_DeSelectPCROP                      build/stm32f4xx_hal_flash_ex.o
HAL_FLASHEx_OB_SelectPCROP                        build/stm32f4xx_hal_flash_ex.o
HAL_FLASHEx_StartFlashInterfaceClk                build/stm32f4xx_hal_flash_ramfunc.o
HAL_FLASHEx_StopFlashInterfaceClk                 build/stm32f4xx_hal_flash_ramfunc.o
HAL_FLASH_EndOfOperationCallback                  build/stm32f4xx_hal_flash.o
HAL_FLASH_GetError                                build/stm32f4xx_hal_flash.o
HAL_FLASH_IRQHandler                              build/stm32f4xx_hal_flash.o
HAL_FLASH_Lock                                    build/stm32f4xx_hal_flash.o
HAL_FLASH_OB_Launch                               build/stm32f4xx_hal_flash.o
HAL_FLASH_OB_Lock                                 build/stm32f4xx_hal_flash.o
HAL_FLASH_OB_Unlock                               build/stm32f4xx_hal_flash.o
HAL_FLASH_OperationErrorCallback                  build/stm32f4xx_hal_flash.o
HAL_FLASH_Program                                 build/stm32f4xx_hal_flash.o
HAL_FLASH_Program_IT                              build/stm32f4xx_hal_flash.o
HAL_FLASH_Unlock                                  build/stm32f4xx_hal_flash.o
HAL_GPIO_DeInit                                   build/stm32f4xx_hal_gpio.o
                                                  build/stm32f4xx_hal_msp.o
HAL_GPIO_EXTI_Callback                            build/stm32f4xx_hal_gpio.o
HAL_GPIO_EXTI_IRQHandler                          build/stm32f4xx_hal_gpio.o
HAL_GPIO_Init                                     build/stm32f4xx_hal_gpio.o
                                                  build/stm32f4xx_hal_rcc.o
                                                  build/stm32f4xx_hal_msp.o
                                                  build/main.o
HAL_GPIO_LockPin                                  build/stm32f4xx_hal_gpio.o
HAL_GPIO_ReadPin                                  build/stm32f4xx_hal_gpio.o
HAL_GPIO_TogglePin                                build/stm32f4xx_hal_gpio.o
HAL_GPIO_WritePin                                 build/stm32f4xx_hal_gpio.o
                                                  build/main.o
HAL_GetDEVID                                      build/stm32f4xx_hal.o
HAL_GetHalVersion                                 build/stm32f4xx_hal.o
HAL_GetREVID                                      build/stm32f4xx_hal.o
HAL_GetTick                                       build/stm32f4xx_hal.o
                                                  build/stm32f4xx_hal_pwr_ex.o
                                                  build/stm32f4xx_hal_dma.o
                                                  build/stm32f4xx_hal_flash.o
                                                  build/stm32f4xx_hal_rcc_ex.o
                                                  build/stm32f4xx_hal_rcc.o
                                                  build/stm32f4xx_hal_uart.o
HAL_GetTickFreq                                   build/stm32f4xx_hal.o
HAL_GetTickPrio                                   build/stm32f4xx_hal.o
HAL_GetUIDw0                                      build/stm32f4xx_hal.o
HAL_GetUIDw1                                      build/stm32f4xx_hal.o
HAL_GetUIDw2                                      build/stm32f4xx_hal.o
HAL_HalfDuplex_EnableReceiver                     build/stm32f4xx_hal_uart.o
HAL_HalfDuplex_EnableTransmitter                  build/stm32f4xx_hal_uart.o
HAL_HalfDuplex_Init                               build/stm32f4xx_hal_uart.o
HAL_IncTick                                       build/stm32f4xx_hal.o
                                                  build/main.o
HAL_Init                                          build/stm32f4xx_hal.o
                                                  build/main.o
HAL_InitTick                                      build/stm32f4xx_hal_timebase_tim.o
                                                  build/stm32f4xx_hal_rcc_ex.o
                                                  build/stm32f4xx_hal_rcc.o
HAL_LIN_Init                                      build/stm32f4xx_hal_uart.o
HAL_LIN_SendBreak                                 build/stm32f4xx_hal_uart.o
HAL_MPU_ConfigRegion                              build/stm32f4xx_hal_cortex.o
HAL_MPU_Disable                                   build/stm32f4xx_hal_cortex.o
HAL_MPU_Enable                                    build/stm32f4xx_hal_cortex.o
HAL_MspDeInit                                     build/stm32f4xx_hal.o
HAL_MspInit                                       build/stm32f4xx_hal_msp.o
HAL_MultiProcessor_EnterMuteMode                  build/stm32f4xx_hal_uart.o
HAL_MultiProcessor_ExitMuteMode                   build/stm32f4xx_hal_uart.o
HAL_MultiProcessor_Init                           build/stm32f4xx_hal_uart.o
HAL_NVIC_ClearPendingIRQ                          build/stm32f4xx_hal_cortex.o
HAL_NVIC_DisableIRQ                               build/stm32f4xx_hal_cortex.o
HAL_NVIC_EnableIRQ                                build/stm32f4xx_hal_cortex.o
                                                  build/stm32f4xx_hal_timebase_tim.o
HAL_NVIC_GetActive                                build/stm32f4xx_hal_cortex.o
HAL_NVIC_GetPendingIRQ                            build/stm32f4xx_hal_cortex.o
HAL_NVIC_GetPriority                              build/stm32f4xx_hal_cortex.o
HAL_NVIC_GetPriorityGrouping                      build/stm32f4xx_hal_cortex.o
HAL_NVIC_SetPendingIRQ                            build/stm32f4xx_hal_cortex.o
HAL_NVIC_SetPriority                              build/stm32f4xx_hal_cortex.o
                                                  build/stm32f4xx_hal.o
                                                  build/stm32f4xx_hal_timebase_tim.o
                                                  build/stm32f4xx_hal_msp.o
HAL_NVIC_SetPriorityGrouping                      build/stm32f4xx_hal_cortex.o
                                                  build/stm32f4xx_hal.o
HAL_NVIC_SystemReset                              build/stm32f4xx_hal_cortex.o
HAL_PCDEx_ActivateLPM                             build/stm32f4xx_hal_pcd_ex.o
                                                  build/stm32f4xx_hal_pcd.o
HAL_PCDEx_BCD_Callback                            build/stm32f4xx_hal_pcd_ex.o
HAL_PCDEx_DeActivateLPM                           build/stm32f4xx_hal_pcd_ex.o
HAL_PCDEx_LPM_Callback                            build/stm32f4xx_hal_pcd_ex.o
                                                  build/stm32f4xx_hal_pcd.o
HAL_PCDEx_SetRxFiFo                               build/stm32f4xx_hal_pcd_ex.o
HAL_PCDEx_SetTxFiFo                               build/stm32f4xx_hal_pcd_ex.o
HAL_PCD_ActivateRemoteWakeup                      build/stm32f4xx_hal_pcd.o
HAL_PCD_ConnectCallback                           build/stm32f4xx_hal_pcd.o
HAL_PCD_DataInStageCallback                       build/stm32f4xx_hal_pcd.o
HAL_PCD_DataOutStageCallback                      build/stm32f4xx_hal_pcd.o
HAL_PCD_DeActivateRemoteWakeup                    build/stm32f4xx_hal_pcd.o
HAL_PCD_DeInit                                    build/stm32f4xx_hal_pcd.o
HAL_PCD_DevConnect                                build/stm32f4xx_hal_pcd.o
HAL_PCD_DevDisconnect                             build/stm32f4xx_hal_pcd.o
HAL_PCD_DisconnectCallback                        build/stm32f4xx_hal_pcd.o
HAL_PCD_EP_Close                                  build/stm32f4xx_hal_pcd.o
HAL_PCD_EP_ClrStall                               build/stm32f4xx_hal_pcd.o
HAL_PCD_EP_Flush                                  build/stm32f4xx_hal_pcd.o
HAL_PCD_EP_GetRxCount                             build/stm32f4xx_hal_pcd.o
HAL_PCD_EP_Open                                   build/stm32f4xx_hal_pcd.o
HAL_PCD_EP_Receive                                build/stm32f4xx_hal_pcd.o
HAL_PCD_EP_SetStall                               build/stm32f4xx_hal_pcd.o
HAL_PCD_EP_Transmit                               build/stm32f4xx_hal_pcd.o
HAL_PCD_GetState                                  build/stm32f4xx_hal_pcd.o
HAL_PCD_IRQHandler                                build/stm32f4xx_hal_pcd.o
HAL_PCD_ISOINIncompleteCallback                   build/stm32f4xx_hal_pcd.o
HAL_PCD_ISOOUTIncompleteCallback                  build/stm32f4xx_hal_pcd.o
HAL_PCD_Init                                      build/stm32f4xx_hal_pcd.o
                                                  build/main.o
HAL_PCD_MspDeInit                                 build/stm32f4xx_hal_msp.o
HAL_PCD_MspInit                                   build/stm32f4xx_hal_msp.o
HAL_PCD_ResetCallback                             build/stm32f4xx_hal_pcd.o
HAL_PCD_ResumeCallback                            build/stm32f4xx_hal_pcd.o
HAL_PCD_SOFCallback                               build/stm32f4xx_hal_pcd.o
HAL_PCD_SetAddress                                build/stm32f4xx_hal_pcd.o
HAL_PCD_SetupStageCallback                        build/stm32f4xx_hal_pcd.o
HAL_PCD_Start                                     build/stm32f4xx_hal_pcd.o
HAL_PCD_Stop                                      build/stm32f4xx_hal_pcd.o
HAL_PCD_SuspendCallback                           build/stm32f4xx_hal_pcd.o
HAL_PWREx_ControlVoltageScaling                   build/stm32f4xx_hal_pwr_ex.o
HAL_PWREx_DisableBkUpReg                          build/stm32f4xx_hal_pwr_ex.o
HAL_PWREx_DisableFlashPowerDown                   build/stm32f4xx_hal_pwr_ex.o
HAL_PWREx_DisableOverDrive                        build/stm32f4xx_hal_pwr_ex.o
HAL_PWREx_EnableBkUpReg                           build/stm32f4xx_hal_pwr_ex.o
HAL_PWREx_EnableFlashPowerDown                    build/stm32f4xx_hal_pwr_ex.o
HAL_PWREx_EnableOverDrive                         build/stm32f4xx_hal_pwr_ex.o
HAL_PWREx_EnterUnderDriveSTOPMode                 build/stm32f4xx_hal_pwr_ex.o
HAL_PWREx_GetVoltageRange                         build/stm32f4xx_hal_pwr_ex.o
HAL_PWR_ConfigPVD                                 build/stm32f4xx_hal_pwr.o
HAL_PWR_DeInit                                    build/stm32f4xx_hal_pwr.o
HAL_PWR_DisableBkUpAccess                         build/stm32f4xx_hal_pwr.o
HAL_PWR_DisablePVD                                build/stm32f4xx_hal_pwr.o
HAL_PWR_DisableSEVOnPend                          build/stm32f4xx_hal_pwr.o
HAL_PWR_DisableSleepOnExit                        build/stm32f4xx_hal_pwr.o
HAL_PWR_DisableWakeUpPin                          build/stm32f4xx_hal_pwr.o
HAL_PWR_EnableBkUpAccess                          build/stm32f4xx_hal_pwr.o
HAL_PWR_EnablePVD                                 build/stm32f4xx_hal_pwr.o
HAL_PWR_EnableSEVOnPend                           build/stm32f4xx_hal_pwr.o
HAL_PWR_EnableSleepOnExit                         build/stm32f4xx_hal_pwr.o
HAL_PWR_EnableWakeUpPin                           build/stm32f4xx_hal_pwr.o
HAL_PWR_EnterSLEEPMode                            build/stm32f4xx_hal_pwr.o
HAL_PWR_EnterSTANDBYMode                          build/stm32f4xx_hal_pwr.o
HAL_PWR_EnterSTOPMode                             build/stm32f4xx_hal_pwr.o
HAL_PWR_PVDCallback                               build/stm32f4xx_hal_pwr.o
HAL_PWR_PVD_IRQHandler                            build/stm32f4xx_hal_pwr.o
HAL_RCCEx_DisablePLLI2S                           build/stm32f4xx_hal_rcc_ex.o
HAL_RCCEx_DisablePLLSAI                           build/stm32f4xx_hal_rcc_ex.o
HAL_RCCEx_EnablePLLI2S                            build/stm32f4xx_hal_rcc_ex.o
HAL_RCCEx_EnablePLLSAI                            build/stm32f4xx_hal_rcc_ex.o
HAL_RCCEx_GetPeriphCLKConfig                      build/stm32f4xx_hal_rcc_ex.o
HAL_RCCEx_GetPeriphCLKFreq                        build/stm32f4xx_hal_rcc_ex.o
HAL_RCCEx_PeriphCLKConfig                         build/stm32f4xx_hal_rcc_ex.o
                                                  build/main.o
HAL_RCCEx_SelectLSEMode                           build/stm32f4xx_hal_rcc_ex.o
HAL_RCC_CSSCallback                               build/stm32f4xx_hal_rcc.o
HAL_RCC_ClockConfig                               build/stm32f4xx_hal_rcc.o
                                                  build/main.o
HAL_RCC_DeInit                                    build/stm32f4xx_hal_rcc_ex.o
                                                  build/stm32f4xx_hal_rcc.o
HAL_RCC_DisableCSS                                build/stm32f4xx_hal_rcc.o
HAL_RCC_EnableCSS                                 build/stm32f4xx_hal_rcc.o
HAL_RCC_GetClockConfig                            build/stm32f4xx_hal_rcc.o
                                                  build/stm32f4xx_hal_timebase_tim.o
HAL_RCC_GetHCLKFreq                               build/stm32f4xx_hal_rcc.o
                                                  build/stm32f4xx_hal_pcd.o
HAL_RCC_GetOscConfig                              build/stm32f4xx_hal_rcc_ex.o
                                                  build/stm32f4xx_hal_rcc.o
HAL_RCC_GetPCLK1Freq                              build/stm32f4xx_hal_rcc.o
                                                  build/stm32f4xx_hal_uart.o
                                                  build/stm32f4xx_hal_timebase_tim.o
HAL_RCC_GetPCLK2Freq                              build/stm32f4xx_hal_rcc.o
                                                  build/stm32f4xx_hal_uart.o
HAL_RCC_GetSysClockFreq                           build/stm32f4xx_hal_rcc_ex.o
                                                  build/stm32f4xx_hal_rcc.o
HAL_RCC_MCOConfig                                 build/stm32f4xx_hal_rcc.o
HAL_RCC_NMI_IRQHandler                            build/stm32f4xx_hal_rcc.o
HAL_RCC_OscConfig                                 build/stm32f4xx_hal_rcc_ex.o
                                                  build/stm32f4xx_hal_rcc.o
                                                  build/main.o
HAL_ResumeTick                                    build/stm32f4xx_hal_timebase_tim.o
HAL_SYSTICK_CLKSourceConfig                       build/stm32f4xx_hal_cortex.o
HAL_SYSTICK_Callback                              build/stm32f4xx_hal_cortex.o
HAL_SYSTICK_Config                                build/stm32f4xx_hal_cortex.o
                                                  build/stm32f4xx_hal.o
HAL_SYSTICK_IRQHandler                            build/stm32f4xx_hal_cortex.o
HAL_SetTickFreq                                   build/stm32f4xx_hal.o
HAL_SuspendTick                                   build/stm32f4xx_hal_timebase_tim.o
HAL_TIMEx_BreakCallback                           build/stm32f4xx_hal_tim_ex.o
                                                  build/stm32f4xx_hal_tim.o
HAL_TIMEx_CommutCallback                          build/stm32f4xx_hal_tim_ex.o
                                                  build/stm32f4xx_hal_tim.o
HAL_TIMEx_CommutHalfCpltCallback                  build/stm32f4xx_hal_tim_ex.o
HAL_TIMEx_ConfigBreakDeadTime                     build/stm32f4xx_hal_tim_ex.o
HAL_TIMEx_ConfigCommutEvent                       build/stm32f4xx_hal_tim_ex.o
HAL_TIMEx_ConfigCommutEvent_DMA                   build/stm32f4xx_hal_tim_ex.o
HAL_TIMEx_ConfigCommutEvent_IT                    build/stm32f4xx_hal_tim_ex.o
HAL_TIMEx_HallSensor_DeInit                       build/stm32f4xx_hal_tim_ex.o
HAL_TIMEx_HallSensor_GetState                     build/stm32f4xx_hal_tim_ex.o
HAL_TIMEx_HallSensor_Init                         build/stm32f4xx_hal_tim_ex.o
HAL_TIMEx_HallSensor_MspDeInit                    build/stm32f4xx_hal_tim_ex.o
HAL_TIMEx_HallSensor_MspInit                      build/stm32f4xx_hal_tim_ex.o
HAL_TIMEx_HallSensor_Start                        build/stm32f4xx_hal_tim_ex.o
HAL_TIMEx_HallSensor_Start_DMA                    build/stm32f4xx_hal_tim_ex.o
HAL_TIMEx_HallSensor_Start_IT                     build/stm32f4xx_hal_tim_ex.o
HAL_TIMEx_HallSensor_Stop                         build/stm32f4xx_hal_tim_ex.o
HAL_TIMEx_HallSensor_Stop_DMA                     build/stm32f4xx_hal_tim_ex.o
HAL_TIMEx_HallSensor_Stop_IT                      build/stm32f4xx_hal_tim_ex.o
HAL_TIMEx_MasterConfigSynchronization             build/stm32f4xx_hal_tim_ex.o
HAL_TIMEx_OCN_Start                               build/stm32f4xx_hal_tim_ex.o
HAL_TIMEx_OCN_Start_DMA                           build/stm32f4xx_hal_tim_ex.o
HAL_TIMEx_OCN_Start_IT                            build/stm32f4xx_hal_tim_ex.o
HAL_TIMEx_OCN_Stop                                build/stm32f4xx_hal_tim_ex.o
HAL_TIMEx_OCN_Stop_DMA                            build/stm32f4xx_hal_tim_ex.o
HAL_TIMEx_OCN_Stop_IT                             build/stm32f4xx_hal_tim_ex.o
HAL_TIMEx_OnePulseN_Start                         build/stm32f4xx_hal_tim_ex.o
HAL_TIMEx_OnePulseN_Start_IT                      build/stm32f4xx_hal_tim_ex.o
HAL_TIMEx_OnePulseN_Stop                          build/stm32f4xx_hal_tim_ex.o
HAL_TIMEx_OnePulseN_Stop_IT                       build/stm32f4xx_hal_tim_ex.o
HAL_TIMEx_PWMN_Start                              build/stm32f4xx_hal_tim_ex.o
HAL_TIMEx_PWMN_Start_DMA                          build/stm32f4xx_hal_tim_ex.o
HAL_TIMEx_PWMN_Start_IT                           build/stm32f4xx_hal_tim_ex.o
HAL_TIMEx_PWMN_Stop                               build/stm32f4xx_hal_tim_ex.o
HAL_TIMEx_PWMN_Stop_DMA                           build/stm32f4xx_hal_tim_ex.o
HAL_TIMEx_PWMN_Stop_IT                            build/stm32f4xx_hal_tim_ex.o
HAL_TIMEx_RemapConfig                             build/stm32f4xx_hal_tim_ex.o
HAL_TIM_Base_DeInit                               build/stm32f4xx_hal_tim.o
HAL_TIM_Base_GetState                             build/stm32f4xx_hal_tim.o
HAL_TIM_Base_Init                                 build/stm32f4xx_hal_tim.o
                                                  build/stm32f4xx_hal_timebase_tim.o
HAL_TIM_Base_MspDeInit                            build/stm32f4xx_hal_tim.o
HAL_TIM_Base_MspInit                              build/stm32f4xx_hal_tim.o
HAL_TIM_Base_Start                                build/stm32f4xx_hal_tim.o
HAL_TIM_Base_Start_DMA                            build/stm32f4xx_hal_tim.o
HAL_TIM_Base_Start_IT                             build/stm32f4xx_hal_tim.o
                                                  build/stm32f4xx_hal_timebase_tim.o
HAL_TIM_Base_Stop                                 build/stm32f4xx_hal_tim.o
HAL_TIM_Base_Stop_DMA                             build/stm32f4xx_hal_tim.o
HAL_TIM_Base_Stop_IT                              build/stm32f4xx_hal_tim.o
HAL_TIM_ConfigClockSource                         build/stm32f4xx_hal_tim.o
HAL_TIM_ConfigOCrefClear                          build/stm32f4xx_hal_tim.o
HAL_TIM_ConfigTI1Input                            build/stm32f4xx_hal_tim.o
HAL_TIM_DMABurst_ReadStart                        build/stm32f4xx_hal_tim.o
HAL_TIM_DMABurst_ReadStop                         build/stm32f4xx_hal_tim.o
HAL_TIM_DMABurst_WriteStart                       build/stm32f4xx_hal_tim.o
HAL_TIM_DMABurst_WriteStop                        build/stm32f4xx_hal_tim.o
HAL_TIM_Encoder_DeInit                            build/stm32f4xx_hal_tim.o
HAL_TIM_Encoder_GetState                          build/stm32f4xx_hal_tim.o
HAL_TIM_Encoder_Init                              build/stm32f4xx_hal_tim.o
HAL_TIM_Encoder_MspDeInit                         build/stm32f4xx_hal_tim.o
HAL_TIM_Encoder_MspInit                           build/stm32f4xx_hal_tim.o
HAL_TIM_Encoder_Start                             build/stm32f4xx_hal_tim.o
HAL_TIM_Encoder_Start_DMA                         build/stm32f4xx_hal_tim.o
HAL_TIM_Encoder_Start_IT                          build/stm32f4xx_hal_tim.o
HAL_TIM_Encoder_Stop                              build/stm32f4xx_hal_tim.o
HAL_TIM_Encoder_Stop_DMA                          build/stm32f4xx_hal_tim.o
HAL_TIM_Encoder_Stop_IT                           build/stm32f4xx_hal_tim.o
HAL_TIM_ErrorCallback                             build/stm32f4xx_hal_tim.o
HAL_TIM_GenerateEvent                             build/stm32f4xx_hal_tim.o
HAL_TIM_IC_CaptureCallback                        build/stm32f4xx_hal_tim.o
HAL_TIM_IC_CaptureHalfCpltCallback                build/stm32f4xx_hal_tim.o
HAL_TIM_IC_ConfigChannel                          build/stm32f4xx_hal_tim.o
HAL_TIM_IC_DeInit                                 build/stm32f4xx_hal_tim.o
HAL_TIM_IC_GetState                               build/stm32f4xx_hal_tim.o
HAL_TIM_IC_Init                                   build/stm32f4xx_hal_tim.o
HAL_TIM_IC_MspDeInit                              build/stm32f4xx_hal_tim.o
HAL_TIM_IC_MspInit                                build/stm32f4xx_hal_tim.o
HAL_TIM_IC_Start                                  build/stm32f4xx_hal_tim.o
HAL_TIM_IC_Start_DMA                              build/stm32f4xx_hal_tim.o
HAL_TIM_IC_Start_IT                               build/stm32f4xx_hal_tim.o