gthr-default.h:229:1:int __gthread_key_delete(__gthread_key_t)	16	static
ios_base.h:129:3:constexpr std::_Ios_Openmode std::operator|(std::_Ios_Openmode, std::_Ios_Openmode)	16	static
scr_dependancy.h:70:13:void throwException(std::__cxx11::string)	16	static
scr_gpio.h:17:9:scr::GPIO::GPIO(GPIO_TypeDef*, uint16_t)	24	static
scr_gpio.h:21:9:scr::GPIO::~GPIO()	16	static
scr_main.cpp:21:6:void setup()	4	static
scr_main.cpp:25:6:void loop0()	8	static
scr_main.cpp:46:6:void loop1()	24	static
scr_usart.h:74:16:scr::USART& scr::USART::operator<<(const T&) [with T = char]	256	static
scr_usart.h:74:16:scr::USART& scr::USART::operator<<(const T&) [with T = int]	256	static
scr_usart.h:74:16:scr::USART& scr::USART::operator<<(const T&) [with T = float]	256	static
scr_usart.h:74:16:scr::USART& scr::USART::operator<<(const T&) [with T = char [3]]	256	static
scr_main.cpp:94:1:void __static_initialization_and_destruction_0(int, int)	16	static
scr_main.cpp:94:1:cpp)	8	static
scr_main.cpp:94:1:cpp)	8	static
