new:168:14:void* operator new(std::size_t, void*)	16	static
gthr-default.h:229:1:int __gthread_key_delete(__gthread_key_t)	16	static
scr_dependancy.h:60:13:void throwException(std::__cxx11::string)	16	static
scr_usart.cpp:12:1:scr::USART::USART(UART_HandleTypeDef*, uint32_t, uint32_t)	32	static
scr_usart.cpp:21:1:scr::USART::~USART()	16	static
scr_usart.cpp:27:6:void scr::USART::writeByte(uint8_t, scr::periph_mode)	16	static
scr_usart.cpp:31:9:uint8_t scr::USART::readByte(uint8_t, scr::periph_mode)	16	static
scr_usart.cpp:36:6:void scr::USART::write_tx_buffer(std::__cxx11::string)	16	static
scr_usart.cpp:40:6:void scr::USART::write_tx_buffer(char*)	16	static
scr_usart.cpp:44:13:std::__cxx11::string scr::USART::read_rx_string()	16	static
scr_usart.cpp:47:7:char* read_rx_buffer()	4	static
scr_usart.cpp:52:6:void scr::USART::transmit(scr::periph_mode)	80	static
scr_usart.cpp:77:6:void scr::USART::receive(uint16_t, scr::periph_mode)	16	static
scr_usart.cpp:82:6:void scr::USART::print(std::__cxx11::string)	16	static
scr_usart.cpp:86:6:void scr::USART::println(std::__cxx11::string)	16	static
stl_vector.h:259:7:std::vector<_Tp, _Alloc>::vector() [with _Tp = scr::USART*; _Alloc = std::allocator<scr::USART*>]	16	static
move.h:98:5:constexpr typename std::remove_reference< <template-parameter-1-1> >::type&& std::move(_Tp&&) [with _Tp = scr::USART*&]	16	static
stl_vector.h:953:7:void std::vector<_Tp, _Alloc>::push_back(std::vector<_Tp, _Alloc>::value_type&&) [with _Tp = scr::USART*; _Alloc = std::allocator<scr::USART*>]	16	static
stl_vector.h:81:14:std::_Vector_base<scr::USART*, std::allocator<scr::USART*> >::_Vector_impl::~_Vector_impl()	16	static
stl_vector.h:126:7:std::_Vector_base<_Tp, _Alloc>::_Vector_base() [with _Tp = scr::USART*; _Alloc = std::allocator<scr::USART*>]	16	static
stl_vector.h:161:7:std::_Vector_base<_Tp, _Alloc>::~_Vector_base() [with _Tp = scr::USART*; _Alloc = std::allocator<scr::USART*>]	16	static
move.h:73:5:constexpr _Tp&& std::forward(typename std::remove_reference<_From>::type&) [with _Tp = scr::USART*]	16	static
vector.tcc:95:7:) [with _Args = {scr::USART*}; _Tp = scr::USART*; _Alloc = std::allocator<scr::USART*>]	24	static
stl_vector.h:88:2:std::_Vector_base<_Tp, _Alloc>::_Vector_impl::_Vector_impl() [with _Tp = scr::USART*; _Alloc = std::allocator<scr::USART*>]	16	static
allocator.h:139:7:std::allocator< <template-parameter-1-1> >::~allocator() [with _Tp = scr::USART*]	16	static
stl_vector.h:176:7:void std::_Vector_base<_Tp, _Alloc>::_M_deallocate(std::_Vector_base<_Tp, _Alloc>::pointer, std::size_t) [with _Tp = scr::USART*; _Alloc = std::allocator<scr::USART*>]	24	static
alloc_traits.h:474:2:) [with _Up = scr::USART*; _Args = {scr::USART*}; _Tp = scr::USART*]	24	static
stl_vector.h:581:7:std::vector<_Tp, _Alloc>::iterator std::vector<_Tp, _Alloc>::end() [with _Tp = scr::USART*; _Alloc = std::allocator<scr::USART*>]	24	static
vector.tcc:394:7:) [with _Args = {scr::USART*}; _Tp = scr::USART*; _Alloc = std::allocator<scr::USART*>]	56	static
allocator.h:131:7:std::allocator< <template-parameter-1-1> >::allocator() [with _Tp = scr::USART*]	16	static
new_allocator.h:86:7:__gnu_cxx::new_allocator<_Tp>::~new_allocator() [with _Tp = scr::USART*]	16	static
alloc_traits.h:461:7:static void std::allocator_traits<std::allocator<_CharT> >::deallocate(std::allocator_traits<std::allocator<_CharT> >::allocator_type&, std::allocator_traits<std::allocator<_CharT> >::pointer, std::allocator_traits<std::allocator<_CharT> >::size_type) [with _Tp = scr::USART*]	24	static
new_allocator.h:135:2:) [with _Up = scr::USART*; _Args = {scr::USART*}; _Tp = scr::USART*]	32	static
stl_iterator.h:779:7:__gnu_cxx::__normal_iterator<_Iterator, _Container>::__normal_iterator(const _Iterator&) [with _Iterator = scr::USART**; _Container = std::vector<scr::USART*>]	16	static
stl_vector.h:1497:7:std::vector<_Tp, _Alloc>::size_type std::vector<_Tp, _Alloc>::_M_check_len(std::vector<_Tp, _Alloc>::size_type, const char*) const [with _Tp = scr::USART*; _Alloc = std::allocator<scr::USART*>]	40	static
stl_vector.h:563:7:std::vector<_Tp, _Alloc>::iterator std::vector<_Tp, _Alloc>::begin() [with _Tp = scr::USART*; _Alloc = std::allocator<scr::USART*>]	24	static
stl_iterator.h:962:5:typename __gnu_cxx::__normal_iterator<_Iterator, _Container>::difference_type __gnu_cxx::operator-(const __gnu_cxx::__normal_iterator<_Iterator, _Container>&, const __gnu_cxx::__normal_iterator<_Iterator, _Container>&) [with _Iterator = scr::USART**; _Container = std::vector<scr::USART*>]	24	static
stl_vector.h:169:7:std::_Vector_base<_Tp, _Alloc>::pointer std::_Vector_base<_Tp, _Alloc>::_M_allocate(std::size_t) [with _Tp = scr::USART*; _Alloc = std::allocator<scr::USART*>]	16	static
stl_iterator.h:844:7:const _Iterator& __gnu_cxx::__normal_iterator<_Iterator, _Container>::base() const [with _Iterator = scr::USART**; _Container = std::vector<scr::USART*>]	16	static
stl_vector.h:115:7:std::_Vector_base<_Tp, _Alloc>::_Tp_alloc_type& std::_Vector_base<_Tp, _Alloc>::_M_get_Tp_allocator() [with _Tp = scr::USART*; _Alloc = std::allocator<scr::USART*>]	16	static
stl_uninitialized.h:305:5:_ForwardIterator std::__uninitialized_move_if_noexcept_a(_InputIterator, _InputIterator, _ForwardIterator, _Allocator&) [with _InputIterator = scr::USART**; _ForwardIterator = scr::USART**; _Allocator = std::allocator<scr::USART*>]	32	static
stl_construct.h:203:5:void std::_Destroy(_ForwardIterator, _ForwardIterator, std::allocator<_T2>&) [with _ForwardIterator = scr::USART**; _Tp = scr::USART*]	24	static
new_allocator.h:79:7:__gnu_cxx::new_allocator<_Tp>::new_allocator() [with _Tp = scr::USART*]	16	static
new_allocator.h:116:7:void __gnu_cxx::new_allocator<_Tp>::deallocate(__gnu_cxx::new_allocator<_Tp>::pointer, __gnu_cxx::new_allocator<_Tp>::size_type) [with _Tp = scr::USART*]	24	static
stl_vector.h:675:7:std::vector<_Tp, _Alloc>::size_type std::vector<_Tp, _Alloc>::max_size() const [with _Tp = scr::USART*; _Alloc = std::allocator<scr::USART*>]	16	static
stl_vector.h:670:7:std::vector<_Tp, _Alloc>::size_type std::vector<_Tp, _Alloc>::size() const [with _Tp = scr::USART*; _Alloc = std::allocator<scr::USART*>]	16	static
stl_algobase.h:219:5:constexpr const _Tp& std::max(const _Tp&, const _Tp&) [with _Tp = unsigned int]	16	static
alloc_traits.h:435:7:static _Tp* std::allocator_traits<std::allocator<_CharT> >::allocate(std::allocator_traits<std::allocator<_CharT> >::allocator_type&, std::allocator_traits<std::allocator<_CharT> >::size_type) [with _Tp = scr::USART*]	16	static
stl_iterator.h:1221:5:_ReturnType std::__make_move_if_noexcept_iterator(_Tp*) [with _Tp = scr::USART*; _ReturnType = std::move_iterator<scr::USART**>]	24	static
stl_uninitialized.h:287:5:_ForwardIterator std::__uninitialized_copy_a(_InputIterator, _InputIterator, _ForwardIterator, std::allocator<_Tp>&) [with _InputIterator = std::move_iterator<scr::USART**>; _ForwardIterator = scr::USART**; _Tp = scr::USART*]	24	static
stl_construct.h:127:5:void std::_Destroy(_ForwardIterator, _ForwardIterator) [with _ForwardIterator = scr::USART**]	16	static
alloc_traits.h:495:7:static std::allocator_traits<std::allocator<_CharT> >::size_type std::allocator_traits<std::allocator<_CharT> >::max_size(const allocator_type&) [with _Tp = scr::USART*]	16	static
stl_vector.h:119:7:const _Tp_alloc_type& std::_Vector_base<_Tp, _Alloc>::_M_get_Tp_allocator() const [with _Tp = scr::USART*; _Alloc = std::allocator<scr::USART*>]	16	static
new_allocator.h:99:7:_Tp* __gnu_cxx::new_allocator<_Tp>::allocate(__gnu_cxx::new_allocator<_Tp>::size_type, const void*) [with _Tp = scr::USART*]	24	static
stl_iterator.h:1036:7:std::move_iterator<_Iterator>::move_iterator(std::move_iterator<_Iterator>::iterator_type) [with _Iterator = scr::USART**]	16	static
stl_uninitialized.h:115:5:_ForwardIterator std::uninitialized_copy(_InputIterator, _InputIterator, _ForwardIterator) [with _InputIterator = std::move_iterator<scr::USART**>; _ForwardIterator = scr::USART**]	32	static
stl_construct.h:117:9:static void std::_Destroy_aux<true>::__destroy(_ForwardIterator, _ForwardIterator) [with _ForwardIterator = scr::USART**]	16	static
new_allocator.h:129:7:__gnu_cxx::new_allocator<_Tp>::size_type __gnu_cxx::new_allocator<_Tp>::max_size() const [with _Tp = scr::USART*]	16	static
stl_uninitialized.h:99:9:static _ForwardIterator std::__uninitialized_copy<true>::__uninit_copy(_InputIterator, _InputIterator, _ForwardIterator) [with _InputIterator = std::move_iterator<scr::USART**>; _ForwardIterator = scr::USART**]	24	static
stl_algobase.h:446:5:_OI std::copy(_II, _II, _OI) [with _II = std::move_iterator<scr::USART**>; _OI = scr::USART**]	32	static
stl_iterator.h:1241:5:base())) std::__miter_base(std::move_iterator<_IteratorL>) [with _Iterator = scr::USART**]	16	static
stl_algobase.h:420:5:_OI std::__copy_move_a2(_II, _II, _OI) [with bool _IsMove = true; _II = scr::USART**; _OI = scr::USART**]	32	static
stl_iterator.h:1045:7:std::move_iterator<_Iterator>::iterator_type std::move_iterator<_Iterator>::base() const [with _Iterator = scr::USART**]	16	static
cpp_type_traits.h:408:5:_Iterator std::__miter_base(_Iterator) [with _Iterator = scr::USART**]	16	static
stl_algobase.h:277:5:_Iterator std::__niter_base(_Iterator) [with _Iterator = scr::USART**]	16	static
stl_algobase.h:375:5:_OI std::__copy_move_a(_II, _II, _OI) [with bool _IsMove = true; _II = scr::USART**; _OI = scr::USART**]	32	static
stl_algobase.h:357:9:static _Tp* std::__copy_move<_IsMove, true, std::random_access_iterator_tag>::__copy_m(const _Tp*, const _Tp*, _Tp*) [with _Tp = scr::USART*; bool _IsMove = true]	32	static
scr_usart.cpp:89:1:void __static_initialization_and_destruction_0(int, int)	16	static
stl_vector.h:433:7:std::vector<_Tp, _Alloc>::~vector() [with _Tp = scr::USART*; _Alloc = std::allocator<scr::USART*>]	24	static
scr_usart.cpp:89:1:cpp)	8	static
scr_usart.cpp:89:1:cpp)	8	static
