gthr-default.h:229:1:int __gthread_key_delete(__gthread_key_t)	16	static
scr_dependancy.h:69:13:void throwException(std::__cxx11::string)	16	static
scr_usart.h:45:29:UART_HandleTypeDef* scr::USART::get_huartx()	16	static
scr_usart.h:65:21:void scr::USART::set_tx_status(scr::periph_status)	16	static
scr_usart.cpp:19:1:scr::USART::USART(UART_HandleTypeDef*, uint32_t, uint32_t)	24	static
scr_usart.cpp:30:1:scr::USART::~USART()	16	static
scr_usart.cpp:37:6:void scr::USART::hal_transmit(char*, scr::periph_mode)	144	static
scr_usart.cpp:91:6:void scr::USART::transmit(std::__cxx11::string&, scr::periph_mode)	24	static
scr_usart.cpp:96:6:void scr::USART::transmit(char*, scr::periph_mode)	24	static
scr_usart.cpp:100:6:void scr::USART::transmit(byte_t, scr::periph_mode)	16	static
scr_usart.cpp:106:6:void HAL_UART_TxCpltCallback(UART_HandleTypeDef*)	24	static
scr_usart.cpp:117:13:void USART_TxCplt_IT_Task(scr::USART*)	16	static
scr_usart.cpp:119:1:void __static_initialization_and_destruction_0(int, int)	16	static
scr_usart.cpp:119:1:cpp)	8	static
scr_usart.cpp:119:1:cpp)	8	static
